-1
-1
-1
-1
362
-1
-1
-1
-1
-1
-1
-1
-1
-1
-1
-1
-1
-1
-1
-1
-1
-1
459
459
459
459
459
498
1000
823
498
