-1
76
52
52
586
175
-1
692
659
659
346
659
673
660
276
