838
-1
-1
-1
-1
-1
-1
-1
-1
571
581
581
-1
-1
-1
-1
-1
170
-1
-1
663
-1
-1
0
-1
-1
-1
523
-1
-1
-1
