4542355226885163017187266512978167358053477265687
