OjOX8zYr 112.232832 114
OjOX8zYr 112.232832 114
OjOX8zYr 112.232832 114
true
arOMU5V2UGm8 -32.901576 314
vreeS27H 183.025134 1
GT9kSfzO 91.410475 354
XMaw7q 174.150272 122
DM2HA8VTtSkC -94.54636 329
XMaw7q 174.150272 122
null
XMaw7q 174.150272 122
true
true
true
3lXe1 81.222588 444
true
NLUS60VeFVpO 119.268607 188
true
i6TC 84.975253 25
true
crGgV -61.465018 189
true
true
false
ZTA 111.132352 239
false
TnTR -34.050956 351
i6TC 67.841876 479
null
ZTA -119.960059 481
