true
9KUWYd 13.40482 167
true
9KUWYd 13.40482 167
true
null
UcH 27.64993 361
true
true
true
true
hQsrpyV 3.822164 494
7F0n 26.399847 410
9KUWYd -73.32716 435
7F0n 26.399847 410
true
qnlsj 49.233656 55
true
null
qnlsj 49.233656 55
qnlsj 49.233656 55
8p3y9Z6Bzk 240.329256 437
true
Zg6ZbhKVaIs0R -132.842466 279
true
true
true
xKZtBGRwWHua 28.556045 122
TCw -22.517274 131
TCw -22.517274 131
