JowoRoWD9s -87.785842 103
8bA27 -74.362701 126
true
iK3ZWeqhF -52.817175 490
9F -17.242821 149
OU4s -85.005238 491
null
27QmtsL5F -91.544761 226
C -109.989127 416
true
27QmtsL5F -91.544761 226
hVv6UTG80BG 96.082 253
62yBM 174.481176 495
WXaSCrUZoL9g6 -76.12069 256
true
null
WCEPyYngFb -107.296862 278
WCEPyYngFb -107.296862 278
null
pVZzA -84.995477 388
true
true
XJ -131.76775 240
XJ -131.76775 240
XJ -131.76775 240
