OasWYwFE4 -23.61257 102
OasWYwFE4 -23.61257 102
f -7.31127 383
j -89.055558 137
null
0tcul -12.360893 206
true
rfWCfPKPv9oy 92.807197 494
null
8sUMuCzu -86.381863 222
7tpvgINLZM 28.066508 264
null
true
SwLiLiiq2rz -45.342757 130
true
true
f 37.588444 240
3jg -170.671527 384
14utgTG27M 27.803408 495
null
uY3L6 -55.336186 391
null
GXYueG9QllXj 69.003169 496
uY3L6 -55.336186 391
6I4SEQwqlI -39.856094 444
null
true
al -190.290863 499
t -161.433601 432
null
4eUeb -208.016719 498
6I4SEQwqlI -39.856094 444
true
