23
true 3
true 12
MyXLzQ 22.786342 479
true 10
hvs1T 105.959138 467
hvs1T 105.959138 467
null
true 0
hvs1T 105.959138 467
Yu -51.662591 477
