23
8
21
0
18
1
2
12
15
4
5
20
17
7
10
22
9
13
16
11
14
bwnwUgTgJXdjy -144.687562 131
true 6
tnQS -195.152766 162
KGN39BkAron 226.613801 419
kPstn4VKXzqBA -36.471857 275
tnQS -195.152766 162
Ok6ZMnCMUcAT0 -33.44251 189
tnQS -195.152766 162
Ok6ZMnCMUcAT0 -33.44251 189
null
null
owt6qW6qtAm -233.456758 213
owt6qW6qtAm -233.456758 213
