23
1
16
15
8
4
2
0
19
11
3
17
22
13
10
14
5
7
6
21
12
20
nbmof -69.451585 113
false
ybnhNUb1UrPy 29.805601 475
true 21
oiF79O -2.782909 136
true 18
true 19
true 9
