31
14
10
25
18
3
12
11
29
13
30
7
28
19
6
24
5
20
21
26
8
1
17
9
15
27
23
0
2
4
evzBuz0HfCUWn -39.565216 100
evzBuz0HfCUWn -39.565216 100
PFG9ISz5yr58 -84.882275 386
Osm 132.113311 222
NVk0 -132.070504 124
ERWfvBWLL 19.659609 136
ERWfvBWLL 19.659609 136
xf 123.558348 492
