17
5
3
16
4
2
9
6
0
10
11
14
12
7
8
9DogIn3hzh 18.666435 163
5CE0vYI3q 42.93798 115
PyW 68.449403 131
9DogIn3hzh 18.666435 163
true 11
null
pBMnWx9w0d6 157.905673 186
IlFrRj5eHF5e 82.001533 280
true 15
0HqyDk -125.098101 174
62XwQ4klk -113.083115 250
null
vfzUV7krh 1.488689 432
true 6
Fs -203.290631 490
bCVuII0sB0KT -104.641427 492
null
62XwQ4klk 120.20058 493
Xt3dmSqDEq6wU -88.66738 488
LB 21.425434 319
true 1
LB 21.425434 319
vfzUV7krh 1.488689 432
Fs -203.290631 490
null
null
9TDNQO 0.601635 380
true 13
true 2
true 4
3 18.743623 59
3 18.743623 59
3 18.743623 59
3 18.743623 59
