-1
288
-1
135
135
135
135
137
867
867
867
206
206
441
441
206
922
-1
-1
10
-1
-1
-1
510
