331
true 60
true 133
rHMVTgESxEC -30.488486 1341
rHMVTgESxEC -30.488486 1341
true 256
Ew1RWPzDNs4C 68.832342 2889
iRB -24.556402 3338
Ew1RWPzDNs4C 68.832342 2889
true 139
true 294
rHMVTgESxEC 99.024976 3339
null
true 60
true 130
3 159.473662 3113
true 90
true 139
CxKpAYJ 31.41002 1870
true 286
kscwXe 122.09359 373
kscwXe 122.09359 373
CxKpAYJ 31.41002 1870
3 11.747509 1550
KMXEGv -152.264164 3912
rHMVTgESxEC -93.061542 1634
XNSzdR94CjN -14.946458 3911
XNSzdR94CjN -14.946458 3911
iRB 8.817087 3913
null
null
null
null
true 23
ulG -78.361759 4328
true 275
vuqyaVCw 123.611239 2250
true 58
5zIQWW6xo8V -157.515778 312
true 197
true 263
true 317
true 291
RYRijT -150.727658 2673
true 60
true 92
true 267
true 67
true 72
r6Xt5kG5sPbar 220.794884 569
true 294
49VFC1 -6.035702 2098
true 177
true 226
true 270
Fwom4XK 16.377904 2802
true 134
pS4UhcsO -26.416234 4732
true 133
true 143
1iI 74.458843 2920
true 234
true 190
iRB 42.673267 535
true 250
null
qlRUmkbg 49.729363 768
true 90
true 147
true 11
true 60
true 100
true 111
true 65
rqKYJI7 -64.501979 166
rqKYJI7 -64.501979 166
n 50.687253 2056
true 96
null
true 189
z -58.759379 3993
a -32.663378 1619
rqKYJI7 -64.501979 166
1iI 74.458843 2920
true 287
true 142
true 290
n1 75.478363 320
gR7szONEuozpK 27.505232 1431
CxKpAYJ 172.191715 1904
null
true 315
T47aQQ579 136.134026 4005
true 109
true 43
NlxI4H35zkp -44.795514 830
true 89
true 303
true 256
true 145
true 24
true 120
sMeYQyXo 110.130759 514
true 220
true 293
uKLZRcOV -6.860494 23
49VFC1 -6.035702 2098
true 60
true 19
5mCWsQ3C6mmpC 33.237078 4830
ulG -78.361759 4328
null
true 234
true 72
