191
true 179
true 44
true 33
true 95
ACV 58.0109 126
true 80
true 76
fbxnQL 61.687709 3988
true 78
true 8
Bn 71.830281 1404
true 95
true 141
true 6
tTLwJTX -162.49572 3697
Pkxi305y4lzi 116.001711 3837
y0Fuo7EsS -157.536878 4315
true 169
H -75.803389 4314
Ibd3pvAHM 11.118919 3284
true 78
true 10
true 76
y0Fuo7EsS 2.707254 3282
fbxnQL 4.178097 4318
Ibd3pvAHM 70.332089 4319
true 118
true 9
Pkxi305y4lzi -0.319367 4320
true 95
true 190
SxOpsbaMAFbRu 149.728535 4317
fbxnQL -89.052238 71
Ibd3pvAHM 70.332089 4319
b 50.302399 85
wUkum84lW -3.10634 1140
true 179
true 29
null
wUkum84lW 157.059408 4516
z8xx8 -100.815709 2538
true 171
true 139
pk4h0pro 23.021366 1605
BSas 232.471631 4514
true 163
true 174
true 10
true 1
true 147
true 37
true 117
n6DUHnQ 132.534791 4856
true 151
true 130
BSas -6.575949 746
true 87
true 103
uDgUtuVX 35.422802 516
null
true 125
true 89
true 182
true 41
pk4h0pro 23.021366 1605
true 26
true 13
IUIHP 25.63064 102
true 165
true 34
true 111
true 25
6z 111.416085 588
6z 111.416085 588
true 171
true 121
haSn 67.278262 4513
wAli7aI8 69.505471 4606
true 53
azXC7cKjRmQm1 97.915806 4332
true 154
true 128
true 31
null
null
true 9
Ibd3pvAHM 70.332089 4319
wms -65.733971 4323
pk4h0pro -4.245627 1304
KEy 86.845763 1887
true 149
true 3
null
true 125
true 4
true 48
true 113
true 35
74 -53.391474 457
74 -53.391474 457
true 43
true 44
74 -53.391474 457
true 16
true 73
true 93
5LNTq 63.485459 3565
true 177
true 107
true 114
true 52
3 6.383907 1893
true 63
K -28.134551 4862
true 110
true 102
z -19.911635 1527
z -19.911635 1527
true 83
true 99
true 33
null
true 77
A2 -124.274 2841
iylklFtBmMtX1 56.170596 1482
true 7
VpxLs -63.040283 4515
true 29
true 117
true 106
true 87
true 61
true 88
45zx9dhytFO 104.074563 1496
uDgUtuVX -32.021051 1555
uDgUtuVX -32.021051 1555
JBUaQ7aBbGy -13.71537 2041
true 46
true 167
3B52YesfdyU6 -156.931658 4907
seAL7zB9J -49.994375 4864
EdPG8mOD 158.169701 4683
true 185
true 153
true 138
R8k8s 367.208446 539
n 86.86647 1789
M 221.822686 4225
true 100
true 150
true 81
kqvSyL 171.510134 2482
V -23.719705 1534
K -28.134551 4862
n 86.86647 1789
cTmH7hO 53.940471 2322
wbDvW0wD5Ai 6.498668 2794
true 30
azXC7cKjRmQm1 97.915806 4332
pEuGj50ICwM 26.729843 2389
true 135
true 59
true 151
true 27
Ibd3pvAHM 70.332089 4319
true 105
true 140
true 113
wbDvW0wD5Ai 160.956079 1890
null
BHydB39j2ER5 23.123457 4866
true 64
ypNJhd2LXE -134.446993 2707
true 153
true 174
5LNTq 63.485459 3565
K -213.878591 1427
true 85
true 45
true 190
true 28
null
H4QyeiZoMe6t4 49.515025 3407
YfS6FyKCyL -48.782646 4906
true 80
cAhg7Qn 59.880814 1470
true 169
b -55.8658 1779
true 87
true 33
true 40
0 -36.952859 4797
true 74
true 71
wUkum84lW 157.059408 4516
true 96
true 42
true 184
rUKt2G -7.187825 898
true 146
rUKt2G -7.187825 898
true 127
kqvSyL 171.510134 2482
cTsadi0V -97.324322 2787
g -202.480903 3692
null
iFA4m4S 13.675398 1640
87GSdT -13.592844 1186
