331
89
13
197
26
92
208
47
0
242
315
33
129
289
73
216
293
283
97
7
261
5
323
241
298
290
314
135
18
203
55
126
222
185
51
67
303
146
17
65
125
3
156
80
70
206
112
274
187
9
321
280
20
295
167
143
270
43
276
84
281
79
96
180
105
101
8
141
299
226
179
36
59
307
212
23
122
149
218
118
165
14
258
50
311
75
320
39
42
147
64
35
275
27
312
278
326
34
322
145
305
325
192
215
256
111
330
78
178
10
88
172
37
174
262
211
271
198
151
163
264
196
252
286
294
324
202
69
217
52
106
131
168
250
119
46
74
109
85
108
204
245
282
263
224
327
107
205
116
166
150
214
308
240
200
257
4
243
128
188
195
193
104
29
68
99
194
309
115
201
171
58
60
32
230
90
254
210
266
317
137
44
103
31
87
229
136
154
272
259
100
24
285
54
82
284
237
22
148
49
267
223
302
91
186
269
162
253
40
1
265
244
169
30
21
236
235
255
306
142
72
63
11
94
318
248
182
246
56
121
300
62
81
132
157
181
117
130
191
301
158
41
296
199
233
319
297
48
38
189
207
98
161
173
277
231
102
310
66
221
234
61
176
95
77
2
139
175
152
15
113
249
279
76
190
316
83
328
123
124
16
304
268
227
53
144
120
159
114
247
127
19
183
260
291
12
273
164
155
86
292
45
184
133
153
287
213
239
288
232
313
138
220
6
228
209
140
225
110
177
71
25
219
28
57
93
134
170
JT 56.949989 2972
Xa374Dn -79.877029 1004
AGR5WkPmbG -76.89464 1016
AGR5WkPmbG -76.89464 1016
o1RV -45.235244 4071
sy6LW2OO37VQ -15.029974 1643
true 61
92IBIyxww 89.223342 3422
MqrueLNx 102.759701 68
wiRbn40W 114.550119 2413
true 206
K14 59.559463 992
ug5nBWvKp 94.429904 1206
true 329
true 61
4rYHO 251.788839 4809
n -169.642781 1052
true 238
true 88
false
true 160
brx7hTBOhlTy -80.138007 1077
d4AFCPFf -149.170743 1536
true 231
true 275
true 251
eK -48.171403 1092
3MC3wEjD3Xh -9.451137 1107
NqP -50.380408 1833
P9pu5Jw4QbMzq 51.416768 2168
true 63
z1V -157.756924 4930
H8Y 88.783783 1122
true 26
true 122
tzz7AxwPdTY 163.769825 4836
DS7SMef -3.644667 2767
true 203
ug5nBWvKp 94.429904 1206
AGR5WkPmbG 54.533549 4949
FUE 14.468626 3172
true 68
zFoijuMZIc2K 233.864933 4137
ug5nBWvKp 94.429904 1206
m 9.904117 4958
true 179
true 267
true 54
kx -126.381577 4948
null
kc11w7GuQYD -68.151481 3949
x929 -43.489345 2041
true 53
true 180
Yj2YnSFr -74.163005 1582
TLFddnL3NDP -86.721039 1221
PRp 71.30049 1229
PRp 71.30049 1229
PRp 71.30049 1229
true 177
9Ck8GfrCi1F1 -133.660314 3763
i2E -20.65983 1235
9wU21bJaO -1.556299 3195
xLGR5p6ryJ -43.825604 1459
eqgOf7 37.369161 1309
true 244
true 166
null
KxQ -138.666047 4703
true 76
UyNb3o -92.059257 1246
v2IJj 69.031609 4959
HT 39.755926 3306
true 197
true 170
true 170
uu 3.218321 1257
true 65
null
rKOEnvQN4q 190.525184 1269
rKOEnvQN4q 190.525184 1269
mCy -52.993739 1276
E2Haq 5.718292 1508
mCy -52.993739 1276
true 79
KqdZ0n6 -153.674372 399
true 62
true 294
3 162.963107 1285
CiPz -137.732168 1287
true 139
5 -25.001905 2745
VBwJk 10.063167 3030
15be8f4 157.223634 2330
xI6dCvsaQ 101.255116 1296
true 71
Pbvk0 -206.220311 1304
N7eSdi -38.453247 3262
Pbvk0 -206.220311 1304
true 181
true 176
true 38
rUhUbyqaxRvRi -19.063956 3064
d4AFCPFf 69.934446 4214
JeQegMpRN9 23.975197 1344
true 192
PKJuLDQh1 -36.204107 513
JeQegMpRN9 23.975197 1344
true 79
JeQegMpRN9 23.975197 1344
true 257
true 310
4dVsU1 -101.62635 1441
true 26
KUy1em 122.262284 4932
true 106
true 108
true 245
IBn3A5aSj -37.924141 1511
fCLfV -89.476148 4265
true 117
IBn3A5aSj -37.924141 1511
false
CiPz 55.557442 4973
IBn3A5aSj -37.924141 1511
IBn3A5aSj -37.924141 1511
V6juySYMgPZZ -11.9385 1517
true 149
ulW 71.171382 2425
3mmZq 12.675137 1535
null
Uef472RRpMW 100.388967 4779
o1RV -45.235244 4071
ilPpHukDrvZnY 25.294586 4967
3Qo40h0ukGdRG 165.407687 1591
null
bAPhmCfvi 76.429235 3083
true 2
BSNCrMXwb 77.329082 1599
i -4.187406 1606
nryc2Dyi 141.65259 4542
rSj 138.298623 4199
i -4.187406 1606
null
i -4.187406 1606
true 118
true 223
true 226
null
GHQQWVCNEO4 105.044325 1622
LzHs4wR 98.536885 1764
zFl0vw4 21.052379 1638
d -101.063325 2996
true 229
true 184
6BwhAhx -36.493662 2253
true 192
