-1
-1
992
932
641
641
973
975
537
537
537
537
537
71
71
71
71
71
58
735
898
809
335
335
241
910
976
809
170
112
795
112
112
170
170
809
975
283
935
935
969
969
549
969
895
895
935
975
374
396
396
975
975
627
627
627
641
357
932
932
85
874
27
217
217
27
27
509
509
925
509
509
697
464
464
822
28
28
28
904
97
598
678
678
678
598
701
915
252
252
407
313
91
91
656
91
91
313
313
441
441
598
74
74
598
598
172
637
217
531
38
637
637
535
6
6
6
805
805
805
453
648
784
784
648
347
28
233
28
28
649
649
649
649
649
984
984
24
197
462
783
649
649
28
805
852
852
859
6
6
6
695
957
224
224
374
695
853
6
690
348
637
402
381
381
8
369
44
194
555
195
44
44
637
780
780
780
780
780
304
822
509
509
509
85
553
827
827
238
120
120
222
423
829
829
447
120
523
523
852
545
308
308
-1
246
860
820
820
754
132
132
132
981
670
670
670
981
246
846
447
239
650
650
650
-1
-1
223
