-1
-1
-1
732
732
-1
47
287
-1
-1
863
950
950
950
871
-1
-1
-1
-1
-1
-1
-1
-1
61
63
63
760
435
435
750
-1
-1
-1
-1
398
-1
-1
-1
-1
971
5
971
735
971
922
-1
-1
-1
478
-1
610
610
751
891
891
891
610
547
547
610
229
229
435
244
906
906
851
851
851
851
906
1000
610
750
453
750
610
891
925
925
623
623
482
88
696
696
889
881
881
495
210
210
210
210
438
449
449
107
107
107
139
107
696
96
732
482
7
490
490
544
706
727
585
585
585
623
557
346
481
275
481
531
481
30
30
557
623
714
714
623
673
673
915
218
628
218
815
218
218
528
997
578
578
466
488
750
110
110
0
0
0
750
750
593
117
117
117
750
294
232
294
294
294
809
46
529
529
244
783
783
552
772
771
771
771
584
422
610
610
610
610
610
422
422
182
896
650
650
367
134
367
367
484
246
484
828
807
788
807
607
607
607
607
531
531
426
38
272
272
38
122
122
768
768
107
37
37
37
21
21
868
648
538
214
863
863
863
863
