-1
161
161
161
104
-1
-1
42
240
240
-1
-1
860
-1
-1
-1
-1
650
-1
-1
677
-1
-1
981
-1
-1
981
22
952
22
315
315
981
340
340
771
525
525
525
373
-1
763
657
657
107
657
944
553
657
553
657
944
-1
-1
-1
357
-1
-1
-1
-1
-1
918
921
921
921
165
865
-1
432
432
432
432
-1
981
129
129
431
981
981
-1
427
445
445
427
427
427
427
-1
-1
-1
-1
186
-1
-1
875
875
875
536
665
665
536
665
246
875
249
249
249
689
289
289
375
289
122
122
82
721
721
844
844
721
709
417
245
671
671
709
709
709
626
407
407
233
645
616
407
720
987
333
881
959
954
954
147
147
7
736
147
350
433
7
7
175
850
881
558
558
881
713
656
822
346
773
916
648
959
141
896
773
720
495
173
844
844
886
588
310
125
82
82
791
280
82
709
289
289
865
865
842
618
911
790
105
105
14
661
322
14
14
661
239
239
239
14
14
258
460
661
536
361
223
536
661
661
661
814
