312
-1
-1
-1
-1
-1
403
758
706
365
465
973
758
258
695
258
973
973
957
624
412
412
624
299
695
2
207
299
299
372
829
424
956
361
361
361
695
-1
-1
742
572
572
325
325
572
844
124
124
917
290
290
957
14
14
657
779
779
657
67
933
67
572
915
779
408
779
-1
-1
-1
-1
-1
-1
-1
-1
306
306
306
306
306
344
639
639
344
514
496
496
344
447
447
405
491
491
216
216
405
247
92
87
599
599
589
350
350
301
301
50
404
844
641
988
641
384
423
154
247
423
344
344
344
619
423
619
404
514
404
514
445
445
81
749
514
514
907
404
696
696
514
514
514
421
590
483
496
496
369
255
369
856
255
393
621
483
625
422
856
478
739
625
739
969
969
969
941
941
825
825
264
658
825
264
301
264
658
856
856
496
496
491
92
667
92
424
491
92
987
-1
581
581
581
-1
296
-1
-1
-1
403
403
589
589
589
174
174
810
174
62
62
587
613
676
676
676
403
490
750
750
613
613
792
764
75
792
75
946
501
501
501
455
455
277
455
407
455
177
