257
237
8
249
156
140
11
110
215
84
61
242
248
130
6
49
181
187
176
254
17
2
239
16
57
39
170
149
146
152
193
98
3
126
175
41
38
230
204
169
132
214
69
150
104
19
205
224
46
86
18
62
66
178
234
143
195
54
235
45
145
91
209
63
25
134
167
71
44
136
243
202
32
36
245
164
129
168
144
165
225
220
216
192
185
30
127
65
119
100
135
223
21
108
28
122
58
101
196
55
115
56
9
114
213
227
232
102
231
52
64
179
233
12
96
78
219
81
247
251
173
226
29
23
22
48
153
186
171
53
217
157
183
111
5
87
60
72
174
141
221
229
128
189
162
105
222
117
33
24
35
131
79
159
137
93
89
246
74
90
1
210
13
120
51
31
228
240
253
255
166
155
0
77
47
27
43
161
182
70
241
198
20
212
109
50
180
10
112
203
73
208
238
88
92
37
256
201
200
218
99
190
207
158
67
103
76
151
154
80
95
184
188
107
252
194
26
42
211
113
40
172
7
148
83
177
244
75
121
106
206
97
236
197
34
14
199
59
85
4
142
163
139
94
82
68
133
147
116
250
191
138
15
DBjSkjKlHzUlM 7.787224 1021
true 124
bKFTBVNT 37.274977 3338
true 61
mqDSw9Jd 62.799653 1054
true 118
dbRCJ -100.354788 1346
true 160
4osiBJwwbcV -71.135859 1064
true 125
txvlS2LVQej -32.641807 3128
g8ao -38.114671 1119
true 160
lTL7dL 68.184448 1131
lTL7dL 68.184448 1131
true 153
true 161
true 57
true 189
jqKRPIVM9a -67.375799 4062
ftI1 -57.109237 1284
ftI1 -57.109237 1284
wLhdZcZgX 133.781094 4136
ftI1 -57.109237 1284
true 75
true 153
BUOhgqDI6A 12.49338 905
true 42
false
gTO -2.953404 4117
DGYnAMnN -65.929435 1022
true 248
aK 15.487252 1291
false
aK 15.487252 1291
5gW6lUjgyor 33.741332 4015
aK 15.487252 1291
wOKfckI5DGSFg -91.204894 4701
false
OZ2yPrmzO -104.552123 2790
i 38.72484 1576
true 42
NtgjJN 77.67876 1321
true 123
true 153
5dwXcp -142.096982 4873
5txs0rF1Qn -33.692341 5002
BoV9ZqsVm 7.648317 2868
p5EW7TYLf 245.813765 1381
p5EW7TYLf 245.813765 1381
true 166
true 145
w8sq 102.621234 3679
UxIs -97.508122 897
true 176
null
G1FxWePDxH2o 2.78003 2147
true 110
p5EW7TYLf 245.813765 1381
true 74
XW5CEwVG4KC7k 59.592245 1406
null
FhLSHZ -49.219242 85
i2 56.198862 3947
p5EW7TYLf 245.813765 1381
zVB46Rue1 110.983295 2399
UIwU0 -65.088178 1391
UIwU0 -65.088178 1391
Msp -17.06992 1417
UtBGA6aoo8p -113.489032 5003
tWmacI -63.465468 2546
WgsTRFxaFi4O 82.623724 3383
nQf2 70.749361 4413
true 15
O 32.968021 3943
il -170.220863 3316
jvG 12.076726 1457
true 243
yhd 4.202638 1413
Hj63B4JdkN2 210.33395 2267
htF46yu 76.495813 1482
null
null
S5 -47.93674 4739
gTO -2.953404 4117
true 253
true 103
m9YRsv -38.841642 4419
true 166
NHl054ij 28.228464 1812
true 187
true 39
true 6
p5OvRTFCMl 190.342769 996
L9VqWa -107.351587 1495
DuNaumpkQL8m -30.497081 1514
DuNaumpkQL8m -30.497081 1514
yWRO -83.644126 3487
3 -29.484936 1520
null
P6dAy3Ylv -125.022854 1539
iN9uw -63.012198 1545
ect3enB 125.586106 4090
Lr91x 5.309487 2018
l5CbSi5Bb -102.502917 1570
null
pTUDn -37.307626 2900
null
true 204
null
15ctHb5 -223.006821 1592
GZ5hk3zW 99.751332 1614
GZ5hk3zW 99.751332 1614
i5KKVESoVUMQ 16.754787 3464
YOhVKp 1.760241 2921
null
GZ5hk3zW 99.751332 1614
GZ5hk3zW 99.751332 1614
GZ5hk3zW 99.751332 1614
YgC73VQ3xvxkL 81.019227 5027
