331
156
281
93
153
121
84
110
30
175
289
49
236
322
325
313
25
170
256
51
122
328
10
83
191
250
120
266
306
301
86
248
127
44
116
136
160
182
132
28
319
249
128
200
164
246
115
192
77
198
159
117
8
145
174
79
214
98
135
54
195
285
152
217
78
177
80
196
284
35
165
288
295
272
216
297
13
0
258
108
194
257
299
7
66
105
186
206
253
100
118
111
254
73
296
92
304
178
245
283
69
124
89
166
251
169
133
70
162
280
109
27
147
76
204
144
255
40
55
112
321
71
137
232
237
239
155
220
18
210
303
173
312
59
291
114
138
129
47
142
308
21
218
63
318
270
119
203
126
307
65
298
37
67
187
4
273
300
207
287
56
5
259
14
234
131
294
179
20
212
201
149
227
211
102
180
62
43
226
151
244
208
171
240
3
282
16
36
275
317
326
75
172
293
1
107
72
45
91
154
311
19
228
205
60
157
190
22
130
302
167
267
264
29
50
183
32
15
123
327
87
230
11
85
94
189
46
197
88
39
247
24
222
235
141
193
241
185
262
279
95
106
286
184
143
12
176
188
243
103
181
148
316
9
6
274
292
269
305
252
324
41
17
309
31
329
277
221
81
238
97
231
215
223
57
265
213
290
261
99
48
229
310
58
268
263
225
219
146
315
158
139
330
199
42
140
271
2
38
168
53
233
61
113
68
134
242
34
74
323
52
26
161
224
101
209
163
320
260
125
64
96
276
33
202
23
DxdvV 113.284106 1028
true 278
true 255
fcv 48.006292 1034
9GL7 27.119596 4279
fcv 48.006292 1034
fcv 48.006292 1034
fcv 48.006292 1034
true 10
true 150
true 82
soEZ63TR 71.241098 1090
ZkqWJv 199.090813 4159
yGKl4pTbQv -5.38977 3904
jd4SG4kbNva -225.087606 2779
7 -55.964457 3682
T -136.759198 2882
true 82
null
true 35
true 214
hhVGiBaFNx 52.842693 2423
true 104
null
7N8HaHB6 -34.587659 1383
LXfrKw 31.906525 4748
cS -26.280656 1102
PtKnPudpNj1kZ -92.627366 1112
qEED5mRs9JP -23.359746 1147
BrLK -50.351795 1158
true 252
1h849qbIIw 74.332821 4811
wD2IbAH7on -14.101136 1231
wD2IbAH7on -14.101136 1231
true 314
OEQjts3iamz -97.975382 1273
wD2IbAH7on -14.101136 1231
6wy6PmZETM -56.73421 2342
wD2IbAH7on -14.101136 1231
wD2IbAH7on -14.101136 1231
hFVe -0.567568 4742
oVW -37.511108 4322
true 83
wD2IbAH7on -14.101136 1231
true 17
Xo0foTxrUcz -104.248715 1391
D1iZLn7U 45.300013 3139
0zqKaF7RoNSqR -143.061417 1689
736I6 97.212808 1245
oNUIqoM 104.657416 1489
iUZ 105.567153 5002
true 136
true 117
YM 153.647565 2366
36cEI57i2R0 32.527578 1250
true 190
36cEI57i2R0 32.527578 1250
true 224
OxyKnhkg 54.604485 4994
true 241
OEQjts3iamz -34.785655 906
M -264.091343 1254
5 -166.410958 3587
8QfLeHg 34.018734 1266
true 19
hhVGiBaFNx -103.0106 749
true 186
WaeJ8A 123.019099 629
8QfLeHg 34.018734 1266
true 57
true 10
SC -151.446902 875
mqqTU2Yn -25.944183 1303
9JUCN3r 34.140486 1517
Drq3g8cj5nSdS 96.555833 1310
true 157
8Wol7WaHyV8 39.577722 2361
null
hCcf5 -83.381558 1333
true 138
t6rRSIDw8FZW6 50.826536 3654
UH8V 65.957879 1
FBRGMOKc 78.78492 2647
m 73.10758 1339
ZOmTIC5Q0WRd -80.616711 2341
R4DD6bw 87.74162 1456
6XUvI7L4hY -74.270861 1342
true 145
wFdyj 81.028441 2513
apl53wmvWgq 127.227672 242
qWv0Lmxcu -6.472452 4384
null
UPA 13.665255 4960
cM4zo8D 62.013818 1671
apl53wmvWgq 127.227672 242
true 249
wD2IbAH7on 58.55625 5004
Sm6 102.501009 4470
hwlpb3Agr 34.838684 1488
EYTe8BVHG -56.916371 3055
M1gvu -3.340548 5016
true 7
QYiJzTZqb 47.10709 1352
mYGfmMLp 4.715848 4990
true 310
true 31
YST 6.294401 1363
YiJE4fze4F -93.13455 2204
xfypRPj -43.756175 3341
rfiaypsK4n 1.2983 3863
g 43.996826 2011
true 90
hx 40.248966 1424
true 320
R4DD6bw 87.74162 1456
I3 24.086377 1474
e7XpH -180.407731 3671
kJA4gYwd 81.360512 1481
rUvb -61.500491 3795
LXfrKw 31.906525 4748
true 19
jd4SG4kbNva -225.087606 2779
hwlpb3Agr 34.838684 1488
RofVOpDvU -63.949166 1504
null
AlDUB9J -49.410147 4809
uOF11eEHj 110.914366 1508
PtKnPudpNj1kZ 161.570172 4999
true 313
jA9A1 -11.613664 1842
true 302
WQ2LgQD64 -241.966349 1524
WQ2LgQD64 -241.966349 1524
null
vgDwug 80.526417 2237
true 138
true 82
z 26.802287 1483
z 26.802287 1483
true 244
J 55.948426 1530
ANVm3Nda2 4.45171 5017
true 253
true 209
IRXia7S 17.241628 748
true 177
WH 186.317257 1542
WH 186.317257 1542
QAW6B56RN5i -187.163606 3712
true 75
whfER9l -77.728248 3790
true 271
qQpdXMThWQ -102.737612 4806
K -38.770968 4991
ooTE -108.575144 3962
null
HRWVL5j1qO -96.627555 1820
true 220
whfER9l -77.728248 3790
Ol 131.319048 1608
9smezb1tSC8AY 131.706437 1610
true 186
Kd 103.962934 2188
GQ -0.366769 5011
true 102
true 309
null
ewOrxcxmoNkC -80.722221 76
Pn2tfJI -107.207422 2878
l8Y1M9b92T 146.32334 1622
OHPYGNSj3P 93.363703 5005
true 274
xzTyFMFNVW 22.978366 4995
5nSu -250.288703 2764
lcZyz3GmgLV3 -107.558514 4718
m8F -163.057647 1624
ZOmTIC5Q0WRd -80.616711 2341
true 329
true 239
true 240
true 164
3IC 15.460774 364
6Tla7w39S -169.913487 2949
true 286
iqW 62.690191 709
true 234
Z3m 342.511104 1195
wDNL71g8 126.194152 3874
X5s 132.3003 1693
lXCRQf0ZpO0 -129.181941 1629
PQ -36.094973 1636
f -60.551008 1646
true 173
true 4
true 55
true 156
7ejuM6 26.563031 182
true 82
7N8HaHB6 29.40958 691
7N8HaHB6 29.40958 691
nSecVgr 53.477302 1259
true 278
true 44
true 114
JT4oOzHN41m -5.417683 439
true 13
hFVe -0.567568 4742
true 250
JT4oOzHN41m -5.417683 439
true 5
1BnS4LtGQ2 4.575591 4677
36JkKxv6bw 72.746578 1663
WyBdJH 62.675886 1678
WyBdJH 62.675886 1678
T6rEkgbcj 188.798451 1686
T6rEkgbcj 188.798451 1686
true 175
true 114
true 239
pF -178.567987 1721
J1G -183.251235 3445
true 57
true 48
yP -139.822533 286
1akC -110.714797 559
7zxo -119.326029 4102
1akC -110.714797 559
5sxfFnI0 174.143435 3033
kisveJdGvlv -66.511078 926
qYXx7PcQ -143.763978 2149
OHPYGNSj3P -11.435251 1346
OHPYGNSj3P -11.435251 1346
T6rEkgbcj 188.798451 1686
null
0zqKaF7RoNSqR -143.061417 1689
OxyKnhkg 54.604485 4994
CX0 72.629404 4196
ARZTXI -40.263726 5038
true 318
W7rulR -16.412009 4000
true 56
3n3CiSwHRwA 38.509405 4688
7 31.918441 373
7 31.918441 373
true 209
0kJH6Z5Mi 55.76286 1712
true 27
true 329
true 31
U7RqBz 52.830815 1748
dA9Cy -80.372453 1766
BZDAeJLF 11.943059 2827
7CoLRxLQl04Ws -86.406441 1776
Ep7nwsBSK8FJ 80.912053 2709
true 35
mqqTU2Yn 43.274093 5012
vtfoiHuaPSFIF 47.191432 1777
k2Q4cbc8B7yM2 5.490931 3524
ve8TlAXnf3G 8.476446 4544
T6mz39F4 -3.140111 1782
TTE63g -7.880334 3268
YA 193.4648 1865
z00nz 26.228888 3441
true 193
zYnQ12WH3w2H -61.708096 2330
pDWMF 21.082755 1691
true 46
true 156
YA 193.4648 1865
Iv4 -24.603767 1867
null
true 175
TQOQWL4T 119.728237 2617
lYhUMAZdK -170.333723 4794
