875569347114954523406519130344658698674514532400492669241764138417800010293437545600416970767789406064500410800724478969382703518408451554573516341354187529773910654330207076760584275308436225783096747894065048326804102940269546612715279790270039905003583442599185914563774711559698110982948619343454171246552457877980782799270025310458957210406514690553913022175247390394815077760570808888724252909312897597245943913145122512965345318566674466442170434567055721938656750955166341223512233254593322859821480021645013218866455315107227021499933943475169363623561367554341406367828532086074746884019214766254834967442382742476410328686214300046978416680943392985138954689992447600091762149511623508301293057100130248132504663672279669184207834008914380457225049709180983620289375633004858471756580877177251062744774
