759247748282379319559309000203351893308592399519477818843703567639173331235998092555970916709141984769752263416503109064651648649282424764767775049101460620858984264273584455340074455390736347072627178898320164878558214884845687284313146710799893582349242124133331330740861335167349077164046331773823472745269115707672999972721348751969096174325269713066361840989252691683992376013519288386145159389007105095750004818104157360554598066955671979385857388687752858537457460224578045524755691842472709617222486792475639831433923811834736811705314982751154707402091012050575699479609854344733514214151881007816419070131420250008774155313427675956877140874715409873942163639128497358240981212479307473289452900454203331723269578011505777059502168209892005785863975074442465766345596261351204724028784385182698194328053579960294773255141222175142320289795824426280216314144108437732274721541017431796261718631635592963829860329515545797940950614622260629956556352720281476558811537641592328873522370985
