182
294
294
294
182
182
294
294
-1
-1
-1
-1
433
-1
-1
-1
-1
-1
742
685
266
266
632
408
153
685
130
130
510
510
587
587
884
622
622
-1
428
428
30
958
727
24
525
570
313
789
499
989
989
-1
-1
700
-1
-1
-1
-1
-1
-1
-1
149
759
759
889
924
924
866
924
924
866
866
924
-1
187
86
920
187
986
346
986
307
154
332
307
332
-1
-1
-1
88
790
88
372
927
790
767
542
907
782
782
881
410
88
687
