646
646
646
646
694
694
460
460
412
68
646
240
145
646
949
949
607
240
949
937
68
68
540
949
391
68
68
68
663
336
103
103
145
145
959
145
145
959
921
145
921
959
949
145
450
49
49
49
49
751
975
975
145
913
377
-1
-1
838
-1
625
396
396
625
396
1
1
567
77
567
77
77
740
32
32
911
911
567
567
687
831
606
331
285
947
947
567
567
947
947
287
972
972
507
507
997
278
177
504
504
