780229129134005970534976021128566675484395353702928358862171649422636674369838388641241753684157804858880498425016557333560686161588397789061735895503618670254001459352084954520677138201905894080297034766764758443921182953852898217299791125940
