73350730018090326367583136491432070719338054140109133823274316482902497948805997666273152761724613524965839262734947329492716188631287891883677107583403799859737862999828990658642709994454024245760307869334525710317039244270183756007913163032681588315677
