777
777
777
777
777
442
188
863
863
863
491
491
491
491
491
863
777
16
16
175
81
793
349
793
425
425
611
330
164
