-1
-1
-1
576
-1
680
680
-1
-1
-1
-1
-1
-1
-1
-1
45
45
-1
-1
-1
-1
-1
-1
-1
-1
726
726
317
726
855
726
726
-1
458
361
283
283
354
128
568
105
966
881
539
228
64
228
26
966
33
33
33
127
127
127
927
927
361
332
787
697
787
439
829
439
932
321
321
961
961
961
783
221
199
199
650
879
650
199
879
221
895
781
55
319
617
55
524
385
221
913
913
913
221
385
823
700
221
886
399
221
365
399
967
792
399
399
71
849
798
849
849
798
798
114
114
337
114
483
483
910
337
