83354916410817816447061962143976051652570065163253032630533019718888280627364588508825208042851633696666466205093461745208983610000575617948582065823816555571562817651043994465187490150435883401133198977288690536710357361101906805599576841757611078183843372122379690624435036899965040548877530735967496884628262048846809795145753404024998322849195116124938443007277811753984753082609426031121882197538574242718461506103836985880282228746280746608644738569532798358153148910093235690779724480273587283908173012653315017050737325721340648971589354977691412701301162230994140282035348314612962328589073018434096374462546023857724579975839784827488662964275981147762780568719558864705623659996905922449263131662089615374428323264177175071832661788659828893904349292914093074600907399924395446484686470161280327048549241560214939299220926716712274224673937781297350715703184857140368413
