-1
-1
-1
776
776
776
70
61
776
61
-1
-1
-1
23
68
824
942
942
942
68
783
811
68
558
811
811
824
824
276
937
428
643
428
643
964
428
428
428
428
32
633
643
125
824
256
824
256
824
32
121
824
824
430
652
430
948
652
430
430
878
645
645
430
615
905
824
393
393
456
676
824
298
298
411
393
25
535
101
25
304
25
25
25
-1
17
-1
-1
479
479
698
523
19
689
479
375
375
375
729
698
858
858
44
86
889
889
44
889
889
477
477
236
477
477
233
236
233
295
477
864
767
375
156
375
366
375
767
767
767
174
236
971
249
219
44
368
153
153
966
44
321
44
321
42
828
201
192
2
88
88
907
291
321
130
321
262
130
260
828
966
828
966
966
521
828
949
153
949
949
214
949
44
858
