ZMzo0zeB 98.610223 3387
Vlx0vDme -168.811764 3549
2W2L 24.048846 1024
2W2L 24.048846 1024
TA -146.796782 4684
ZXy -90.383111 3741
null
true
Zap30F 20.319869 703
true
ZMzo0zeB 98.610223 3387
0cDVGqBN 163.612991 1031
null
0cDVGqBN 163.612991 1031
0cDVGqBN 163.612991 1031
XDa5AGffal1 127.299115 3716
GRjL 154.231217 1032
true
RW3ciBlU -28.462766 4861
true
null
true
7u0eHFj0ppnV -102.3636 3611
true
BRxzCDB0fYL5 -265.151194 1033
true
false
null
9 -287.7708 1043
true
mXN 5.887802 1961
true
true
true
m0cet -192.91718 1066
yRnv2Dr0 -227.031233 1083
true
yRnv2Dr0 -227.031233 1083
yRnv2Dr0 -227.031233 1083
null
null
94lKiuK 71.92419 4541
poODnPRq -87.172764 1102
true
z -66.095166 1116
dj8iD9 -33.368627 2759
34Iva0hmy -78.209389 1118
CpbHWlP3lD 12.880169 1136
3sX 12.775837 1523
true
true
true
Wkw0itu -42.855781 686
Wkw0itu -42.855781 686
sSmAccWuqy -69.990358 1142
true
true
xY 33.926994 1160
e0D30djR -227.035247 1167
true
v 170.970086 1210
PDcSHGPPOWdzg -51.136838 2435
true
v 170.970086 1210
true
YKjdfdl1F -51.178918 3393
true
0UzigxVCNprMl -21.296971 1452
UFqmykB 169.890468 2471
0bx4FbWMYo -60.059321 4779
true
true
true
5dIrueo -101.367978 62
true
P 39.836192 4288
true
odeqVdKnBnJNU -210.979245 5010
TqZfhO7 51.905622 2396
true
null
ig17w9Om 150.665396 1184
V 18.386242 599
V 18.386242 599
UK61rTlnMF7 -17.244799 3991
V 18.386242 599
true
true
true
aEdBdx3J38 -90.646411 3682
true
6Iukz9Lnt 11.928791 661
true
hsiv 168.255014 1233
ox25do0xA 197.759688 1244
ox25do0xA 197.759688 1244
LWSQr -65.117582 4624
U4W72 48.699609 4767
j298bqoKV 27.580996 1264
mfyrfbwHTku -9.893695 1341
j298bqoKV 27.580996 1264
true
true
o 56.635094 3042
true
EA -9.089755 2658
true
false
true
mfyrfbwHTku -9.893695 1341
true
false
PU3 -13.995202 1356
7QE7xQ2aK 118.501433 4419
8QTwWWDTK 136.968731 3632
TclYwqJ1iG8ZV 205.087297 1358
AXJqC 155.638226 2925
TclYwqJ1iG8ZV 205.087297 1358
TclYwqJ1iG8ZV 205.087297 1358
cZQnG3T3 -12.521244 1914
TclYwqJ1iG8ZV 205.087297 1358
ULPZ -40.676675 2801
true
c2u 32.336173 1381
cYcvE29MCYr -26.334478 1386
cYcvE29MCYr -26.334478 1386
ZW6Ly 72.402341 1398
QWS6 49.169784 3562
true
true
ZBP9R7GZ -138.571169 1404
3AOQt8pi -114.217755 1407
c0kkigktORw9 93.670217 1416
null
c0kkigktORw9 93.670217 1416
true
true
kF0smKq78YNKq -32.322162 2078
true
EJDO 3.677752 1455
true
3alPjIJ46h6s -94.818655 4213
true
74QvHigN6QU 38.36483 1756
M5aJ 26.205869 1493
true
5dU 67.459594 1888
ZbWRZjCkdO -4.671506 5040
TOuTLwSzy4Dte -100.124013 651
