lD6T6hNJ9 22.71784 1036
r -38.773609 1643
7wqcqm -24.528597 2921
U0E7hsw3ph -169.919701 1061
dz 118.243126 2207
true
uqzvnK 262.115061 421
true
true
y7lGP -18.69169 2699
o6Dtsi -113.888294 3663
okLKz 242.149399 1134
true
true
AjK85pa -89.257103 2461
okLKz 242.149399 1134
true
E -1.269967 1174
true
qhEAzNxI 110.323 3423
Tt 177.144672 3989
VjWwHc9w95QV -69.809456 1233
sKRcMdlzC 62.246268 4187
true
W6G8LM 26.58087 1240
true
9J5ufatniu -107.360585 990
true
true
true
R -35.295235 347
null
null
true
true
mamZQKs0l3EL -56.400501 2449
true
false
true
true
77F2v0ZcuWD -150.612303 1291
eKr9x 36.775429 2032
77F2v0ZcuWD -150.612303 1291
true
Tok 35.944798 1304
o6Dtsi 45.170047 4756
HVxcrs6I1 -115.224833 4512
null
true
false
false
false
V 115.476301 1437
true
NPhJL -16.088698 4126
null
true
olQs86utc -49.891195 1455
true
true
RrAp -94.062925 1525
true
tYB 136.535019 1565
jBdcbcg -46.965111 1594
jBdcbcg -46.965111 1594
null
jBdcbcg -46.965111 1594
null
true
true
6N 2.129919 2071
true
true
7J -97.769313 1635
FXQj2 -75.656186 1703
tWv 1.352903 1711
hYhByyeJz0 -189.269976 1752
uOcpP -26.211724 3894
hYhByyeJz0 -189.269976 1752
null
jQ9HNnUJ4D 94.078981 1910
jQ9HNnUJ4D 94.078981 1910
b9yWq -50.44364 1912
null
2LBX55K83xZwG -181.414769 3899
b9yWq -50.44364 1912
PbAt9QliU 55.673941 4982
true
RLP1D9 46.227137 3457
sJEaVRd3z9sf -64.383462 1946
rS -193.185889 3060
true
true
CNGqkm -151.437265 1959
4WVJWKMCTk -84.495189 3562
true
Rxr6O -185.658231 1983
eKr9x 36.775429 2032
eKr9x 36.775429 2032
true
null
null
ydtJ -89.839895 1152
C -58.639426 2055
jHleSV -4.026836 4979
kUSD -61.569444 2127
gTo 39.885691 4234
null
true
true
bgum -100.40689 131
true
true
bgum -100.40689 131
DDmKEXUU 21.315131 4985
BI7MdhMRyEDU -37.415223 304
true
true
BI7MdhMRyEDU -37.415223 304
fuAZwLEB -10.113682 2430
null
DyXIwOGLut -101.24653 1462
DyXIwOGLut -101.24653 1462
null
8qKbNG1IGfs -155.513697 2270
null
i78 63.408288 4991
e2WR -46.967144 3062
XvhmP 69.151755 2158
true
null
qeOZT -80.227509 2065
qeOZT -80.227509 2065
qeOZT -80.227509 2065
true
null
true
HT2qbGwKgodV 42.341629 2950
HVxcrs6I1 -115.224833 4512
uweS0l -56.816871 433
2 135.354744 2204
null
jd2At7s -119.999493 2257
8qKbNG1IGfs -155.513697 2270
true
true
4ed0nQ -126.119464 741
true
true
4ed0nQ -126.119464 741
true
4ed0nQ -126.119464 741
true
0A580cCITNkoO 14.060497 2331
yAl0EWSklHN91 107.722937 4994
d9ql -67.520423 2341
null
true
true
true
true
kUSD -32.327434 5002
FEVnyKEx 17.017594 1860
true
true
null
XT6iNJo8x -132.919798 4673
null
true
P2chEma9oaU -95.62577 4975
null
c8ubayDlR -5.804672 2447
true
iWR8veR 31.687019 508
true
uOcpP -26.211724 3894
null
iWR8veR 31.687019 508
jhor6 9.898647 4972
true
true
3BS -15.333923 2487
UdJDk9g7V -4.618547 3329
true
true
RXUGE 181.346903 588
true
true
pLYUVYg -138.990273 3323
aiVJ -190.51635 2155
Alnt -2.260544 4968
aiVJ -190.51635 2155
zTy3XP -78.565854 2597
true
null
true
4Nqf1XPsEQF 122.597595 4941
true
true
null
umEy70 340.430228 3404
7uO -54.728471 926
true
O 20.458711 2501
7wqcqm -24.528597 2921
O 20.458711 2501
zTy3XP -78.565854 2597
true
W6G8LM -64.81636 4977
null
rssZogVKvQ -81.148942 1333
null
n4w -77.022855 4618
true
tYB 12.424092 5017
zt2IhBRDbq -4.616435 5016
null
PBiHsTh 190.606755 456
jSa3kTCYSNib3 87.020604 4806
zTy3XP -78.565854 2597
null
VjoqYG6FH -131.161282 4325
GxqIX8mZrLP -114.373724 3028
true
true
6ojK -96.472435 5021
phzb -139.586259 3828
tKjMJPP56NCz 63.662128 2760
rspoT 7.548212 3415
tKjMJPP56NCz 63.662128 2760
pZ 57.633543 4771
zUcodC 94.715954 2811
OnbKqbxO7 51.41946 2905
wKD 176.075327 2926
wKD 176.075327 2926
true
true
true
true
lyYQE -120.189124 1400
null
null
0OLp4fW 20.310431 4838
8Pdx -80.237097 3013
true
sbOX4ZjU 113.258167 3014
rS -193.185889 3060
null
pfHmJn3M -129.917148 4983
null
fX29 95.062785 4990
rS -193.185889 3060
true
i78 63.408288 4991
null
ilVVM 62.697406 3074
607 96.181408 3108
4FR4sM6dEIR -99.194871 3334
2a -83.961995 4175
true
true
null
true
true
kf 13.878998 1144
zts -1.509157 2260
q1SUV 14.2991 2515
true
q1SUV 14.2991 2515
HVxcrs6I1 -115.224833 4512
true
iZ10XO -99.204088 4884
jo6 -2.637985 3130
d9ql -85.417951 5006
jo6 -2.637985 3130
jo6 -2.637985 3130
aq -31.220748 5011
GRujYH 57.83687 3261
iZ10XO -99.204088 4884
gQqs9Zb9J -66.227868 3615
true
jLCX 3.827562 104
true
true
true
OUqfoYVCws9 -106.731397 4068
pLYUVYg -138.990273 3323
UdJDk9g7V -4.618547 3329
null
null
true
t8ngk -39.806079 1899
UdJDk9g7V -4.618547 3329
true
true
613exb6lqe -6.330101 2391
umEy70 340.430228 3404
