true
true
null
jK8lSlUZ42 -73.551185 2584
lu 84.913124 2088
true
jK8lSlUZ42 68.486234 2585
true
true
NKhwX6 -60.766199 1974
null
true
true
true
true
true
true
true
fHqJLcK 187.87782 868
null
true
null
true
true
true
true
4DRpEQN76 -17.766835 38
4DRpEQN76 -17.766835 38
Yy3 -23.26895 1680
gaDhu -88.288206 4923
25dwEZW -6.033318 4838
true
e06Ofu 106.11756 4921
true
5m -30.710828 3992
true
true
true
sA1 -53.960427 204
true
true
OMmkVZYldFBh -46.276177 4919
true
null
true
25dwEZW -189.768222 98
true
true
true
true
xdg 90.40671 4436
25dwEZW -189.768222 98
Ohb5cOA -183.453698 873
NTHh -136.194651 2876
true
true
true
null
true
true
true
true
m1Vi5ti 66.261628 440
true
Ohb5cOA -183.453698 873
J3X -8.681913 1392
NKhwX6 -60.766199 1974
true
true
null
Jgnx -20.686524 3339
m1Vi5ti 155.078003 574
true
true
true
J3X -8.681913 1392
J3X -8.681913 1392
jK8lSlUZ42 68.486234 2585
null
null
true
true
true
e06Ofu -169.364402 4925
true
gG -7.311341 3642
true
true
UiSpSF4mgf3 -70.069151 3854
Sd5eO -98.265113 1475
true
true
true
IzzlK6fv3qa 142.110411 4654
true
x3sU -160.939965 1850
true
ibUJ -38.891344 745
true
true
true
true
x3sU -160.939965 1850
true
x3sU -160.939965 1850
Qs2q4BHDpwuow -96.050532 4992
null
true
true
CXFNrB9Bp2b -21.063363 1891
true
true
true
true
uDWU9 80.260859 1558
NKhwX6 -60.766199 1974
x3sU -131.856619 5000
fHqJLcK -17.550108 4926
true
true
true
null
true
2ySaE9 -2.898912 1413
rD5MYjIzpjVTV -219.546634 1875
true
true
q8V0dbGepzK 1.801055 1158
5m -30.710828 3992
true
NKhwX6 -60.766199 1974
true
8 143.489705 116
true
true
true
true
true
true
true
gaDhu 95.831783 4993
Gx -107.31529 4995
FBW -51.893157 524
true
worOA2u -12.547499 3
true
o1Faz9csJ -99.934135 1174
true
true
o1Faz9csJ -99.934135 1174
o1Faz9csJ -99.934135 1174
true
Ii78VgLTzE 105.388991 3695
true
true
true
true
true
true
true
true
true
6xgSww5l 73.784763 5004
true
null
true
U1WRvrUS -15.485799 85
njM8LQ95bA -11.745315 444
qyva4NfCIVTV 45.937425 2100
bEEsxIE 8.438567 950
bEEsxIE 8.438567 950
XzFmKM2COe -57.863273 1060
q8f88 -87.448178 3169
QLcfDKBw 99.620609 3051
wU6WF 117.926952 1576
x3sU 119.586674 1671
true
true
fE1JlDQ -39.09073 1992
true
true
true
true
true
EUMKPg 94.610374 1647
null
EUMKPg 94.610374 1647
fE1JlDQ -39.09073 1992
true
true
Wpvn6Q -215.6295 1175
aSdbj2 83.385576 2881
z9jBHqyNxtU8 154.583048 3644
true
true
true
ywqYIXXZ2nTSS -15.62345 4056
true
true
XGrBou 102.434773 4924
