null
true
false
oJSk651tzmEea 74.566992 1059
I8hAVbI0KG 89.389558 4395
oJSk651tzmEea 74.566992 1059
false
oJSk651tzmEea 74.566992 1059
3PsflFwrQl -217.958539 4636
true
a 24.02222 3652
true
null
U6btGnOqgBu -108.809336 4224
mz7QWzNE5 121.543864 295
VhWUDEl1bL -66.047869 2265
mpP -12.208988 4702
fFWzdg -144.750293 1126
true
7bfHos 41.042722 3566
null
true
false
GJZFT 53.031081 1136
false
true
true
true
false
true
true
true
fTIO3fY -183.559204 3890
XeIT8wb5PuU -130.560469 1187
true
DeOFbC -81.471079 1194
true
QRICFwgcB5t69 15.678655 3952
true
true
jpNIC 81.900661 4158
0D8EB 1.870281 1267
true
0D8EB 1.870281 1267
jUuu 86.210166 1283
u1PpWNJNgSlm 25.152454 1311
ov02 24.008812 2696
P73ieb 55.564652 1316
true
7pUCSL 6.361974 1016
azgDIFg -126.150651 2479
xhN7BwbiniX -152.202516 1320
true
fwsFn -28.423947 1339
true
neV7lYmhVfq 105.71192 3000
Eg6IgXqxj -11.374998 3619
s6AEH 64.381253 1850
true
2z8S2YA -60.759704 2976
nt80uAvrb 11.072911 1293
eF0S 26.064201 4135
8EED8TKPBT 8.036714 3334
true
BgK -137.710377 887
BgK -137.710377 887
true
true
BgK -137.710377 887
BgK -137.710377 887
QE53l4XyUVQaz -148.215019 4801
BgK -137.710377 887
8bPWQDggW0 12.435556 2657
true
true
wq4 -142.485167 1373
H4xC4rWb9QYE -89.838346 2545
true
wq4 -142.485167 1373
true
b1IuIQMT 71.978581 994
b1IuIQMT 71.978581 994
AhDPEPoxsAg8f -187.488013 5001
true
true
b1IuIQMT 71.978581 994
true
true
3XFNlz -118.162823 1404
4UU17rlwP 118.694505 3296
oDJpSe1tk2 -106.680706 4182
C4LO -21.734236 1410
SCH2O89 -114.852343 2894
THDm -22.570204 1421
4u4 -180.815076 1430
zaUx -140.096828 3656
true
true
gDl4Oeu4 59.747886 1431
true
true
true
OkYEhviRPap4 30.71666 1449
true
SUNqFDmPWhz 106.66576 3836
U 180.989512 1450
false
4UU17rlwP 118.694505 3296
true
tSfmL1UpVn -87.286012 4593
null
true
GBpP2GC -174.370427 1741
false
3IAA22G1E 14.470462 1464
3IAA22G1E 14.470462 1464
P1ULWRj 2.667762 4262
Yc5a5zebdkG2 -142.415251 2802
null
L -4.889111 4264
WdXm -68.983897 2248
true
true
KgV1rgFauF -24.060838 2556
Xsmxk -36.570836 1482
Xsmxk -36.570836 1482
9 -179.53435 2586
rpc3h -82.190614 4682
null
kWq4jmnF -82.631519 2553
true
jaYbdBZAQp8 -4.945073 1485
y2c1dO4SCCtXj 76.877041 1530
true
lKVVzuimGo5 -34.099738 4318
Eyiy 7.978946 1557
Egz -233.839331 3759
QtF8gleDZop 155.844677 1581
null
pNBKe573 150.861648 1587
qOA8aG7ebIf0t 79.686957 4997
iQV9VLUeU -87.056742 1590
P1ULWRj 2.667762 4262
8LfQwjj -12.241625 3087
SUNqFDmPWhz 106.66576 3836
true
true
c 80.681964 1593
lw5lTVW6 104.304374 1607
KgV1rgFauF -70.119916 1671
null
KgV1rgFauF -70.119916 1671
KgV1rgFauF -70.119916 1671
kWq4jmnF -82.631519 2553
pO9f7wp8j -54.61387 4650
true
neV7lYmhVfq 105.71192 3000
PM3HgwdlGjxE -10.3111 1952
null
xWACay 16.827063 1286
xWACay 16.827063 1286
Df2LE8PuoaRr 70.927266 4242
xWACay 16.827063 1286
KUGsleb 60.415032 3394
true
true
iSJ -62.484229 4369
null
2z8S2YA -60.759704 2976
L -17.234514 1738
true
true
GBpP2GC -174.370427 1741
GBpP2GC -174.370427 1741
null
true
M7Ka -118.435305 1744
null
true
77W1 -120.360801 815
77W1 -120.360801 815
oDXHGMLSpc59j -56.315261 1754
true
null
pEhTnenUgT -65.667008 1926
pHllSv1umPasO 145.679562 1758
pHllSv1umPasO 145.679562 1758
azgDIFg -126.150651 2479
hRkE 75.620286 1772
null
piqajcHRzz -43.082326 1808
true
4taS 179.114749 3963
true
h7Go4nsY 116.314467 3680
lrO3 36.953874 5037
true
P7BTYKYzPbPOq 52.433933 4006
MaPRa7fE7tsvt -230.506307 4685
true
yf0zZGL1VMiM 84.150694 4399
JABJPK -143.231327 1831
6nD -12.524294 1842
fqvLP -122.146644 3781
hRa21 -104.212504 2424
true
lIMjWETIrA -213.995305 1848
y 180.950407 3310
true
dPA1f 84.779266 4331
CVokZlfj -90.730662 375
OW3 -56.616142 2649
4jf2Inx7srD 31.035307 1856
mI 27.503962 2437
true
true
mwcbXyCMYsAw -105.727345 4230
W6VFItd6Ah 29.605333 794
null
true
true
true
yse0 -210.91396 1960
wWmhJlp94 -76.813151 3550
true
true
true
XCP4 -9.930205 3505
null
eMfpmcHy7K5t -134.859095 2188
pZ -122.520394 2439
vtq9zvc -93.990081 5040
T 178.684708 1880
true
null
Yf 30.756301 4706
qhMvuMx8ky13 50.767395 81
T 178.684708 1880
jMKBH52pei 121.383625 1881
9AkR7P5UK -7.842637 1893
null
null
8paecbltE 312.788105 1919
true
8paecbltE 312.788105 1919
N2 69.490008 3234
null
8paecbltE 312.788105 1919
true
true
z1mGqpU3fGDF 41.121794 5007
eb2gsMS 10.16981 1924
AhDPEPoxsAg8f -187.488013 5001
true
true
pEhTnenUgT -65.667008 1926
true
pEhTnenUgT -65.667008 1926
MiuEd2 43.946746 1944
MiuEd2 43.946746 1944
nyfMBBL6Q -80.178427 1947
L0rw3TZ1 0.708115 3859
PM3HgwdlGjxE -10.3111 1952
Fel5xI -61.472768 2203
true
Pf 37.194965 1954
vt -112.693977 4325
true
true
lY5bMM -81.375707 5003
null
true
XIDPz9Favrrhs 104.687487 4523
yse0 -210.91396 1960
74eLb -64.178109 3657
true
null
lrO3 156.884298 695
ptmTLfD -116.019948 5021
true
rvMo -174.279007 1976
null
true
true
NRFtWcWvmLS 49.05246 296
null
rvMo -174.279007 1976
true
EjHTg 68.395717 995
true
swgRz7Hws0 149.914607 3002
true
qafUNr4hn2 -102.854643 5023
true
true
BzuQwOPYH 20.048844 3490
6hVpdbgCfW 251.60618 2021
e 18.75796 2878
6hVpdbgCfW 251.60618 2021
true
null
5YCvm59bK -7.477619 2027
5YCvm59bK -7.477619 2027
null
eF0S 26.064201 4135
Tl1rWR6E -28.485307 2087
null
true
true
teuH5lSUjVedq -37.881625 2127
pO9f7wp8j -54.61387 4650
T 150.4674 5056
J 177.768979 2179
true
gzlrrR6 210.982201 1005
true
true
gzlrrR6 210.982201 1005
true
J3 -5.064345 2361
true
true
z6A4g 66.345104 2111
true
CX1V0cWzXy -37.00695 2185
pNBKe573 -22.290152 5028
true
true
b2O0h36qwsiz 69.258901 2246
true
true
SNyp71pJ98 0.395864 2198
SNyp71pJ98 0.395864 2198
SNyp71pJ98 0.395864 2198
SNyp71pJ98 0.395864 2198
true
gVk2pqr 110.836046 2476
ptmTLfD -116.019948 5021
b2O0h36qwsiz 69.258901 2246
true
YBMetS8iqEpd 120.300241 494
true
Fjq0YRrF -127.285806 2654
null
true
N2 69.490008 3234
null
MW -39.565522 1132
bx9FP -7.725672 3197
c7HAwUnKIQO -26.170596 4512
MW -39.565522 1132
F -19.98241 5012
true
true
ov02 -18.532335 280
true
ov02 -18.532335 280
ov02 -18.532335 280
74eLb 44.716934 1210
b2O0h36qwsiz 69.258901 2246
null
8bPWQDggW0 19.60479 4179
UobU -76.464705 3876
dMki2169 71.81734 2257
true
VhWUDEl1bL -66.047869 2265
VhWUDEl1bL -66.047869 2265
G1E 130.437925 3980
sFz9poyHm 3.180291 4489
true
8SBF1tpl19C -190.817671 1768
true
lY7tl5s -133.457956 248
qafUNr4hn2 -102.854643 5023
8SBF1tpl19C -190.817671 1768
CH3r95 80.229138 2282
CH3r95 80.229138 2282
WwOdEQ 18.363572 2307
WwOdEQ 18.363572 2307
ZTC -320.9285 3233
true
WwOdEQ 18.363572 2307
WwOdEQ 18.363572 2307
true
lYp -21.305741 3100
true
WwOdEQ 18.363572 2307
