StMMgNW 44.552312 1021
true
Fo3unsvLyEkp 163.498882 1025
Fo3unsvLyEkp 163.498882 1025
you9pV9SZB -148.903869 1037
true
9d1ILRrpkVL -16.221744 1041
true
true
rMHJU2w5nmb 22.980648 965
false
true
CXeHb -113.746432 1045
EsCnXeQNM -103.157836 4145
true
5y58b -31.185228 1054
true
true
true
c3Fpxn 43.153347 1081
WSAtlcvnXoLE -59.18607 606
9OH99 -82.720859 1067
cYRn3d6LcN -68.786267 4209
R -55.488368 4366
Tm2Y 109.512644 1078
Tm2Y 109.512644 1078
true
0ZREhbSjRzY 138.867681 1090
Z5fJLqG7lBz -29.595695 1418
true
null
mZu5WUJrtb8 127.44084 2212
true
0ZREhbSjRzY 138.867681 1090
9HBxLbmxC 51.957261 3334
true
cE3fZniHypPnX -238.407998 261
XOWIESN 46.246052 4151
kF7W 108.161821 1120
true
true
5jpzn -61.250897 661
5jpzn -61.250897 661
vu92Pxfdr4 -77.820052 3041
true
kF7W 108.161821 1120
lVH -62.55122 3826
eETscMTCgUrLT 13.533394 1130
dE9qMpH 135.792061 4154
eETscMTCgUrLT 13.533394 1130
ZCWHytEDj -24.955413 4074
iwBS 210.699807 1852
VV32gpVnj -85.928003 4998
XOWIESN 46.246052 4151
null
true
true
alFZ -186.533625 3706
null
LIcgfuCEpBnbi 69.067184 5008
qurQS -58.672178 1149
qurQS -58.672178 1149
qurQS -58.672178 1149
GhpimEqz -280.213204 1166
I9Kuaw6bgkoKc 56.616856 3954
4kx5F1 105.858168 4303
GhpimEqz -280.213204 1166
FKAK -41.095658 1173
SLwpSmFHt45h -37.188978 3793
9eWDnBz -270.39934 1280
true
bVzF -26.882732 3820
RCaZp 149.529615 1193
8CQJOe4iT 44.638393 3170
true
v4 96.280422 1219
true
true
vNG18wuMpyu0 5.189319 801
true
vNG18wuMpyu0 5.189319 801
Wr8lWkGHY8eb -82.325139 3625
vNG18wuMpyu0 5.189319 801
true
jkdktF -36.436375 1494
true
4KOq9YK6jyRlX -19.537687 3128
8th -84.09892 830
true
v4 96.280422 1219
true
wE -6.581444 3758
qKH1XkZf 202.803034 3075
true
true
rw -38.54988 2346
null
true
R4hS1l2E5Vb -195.629464 3704
tlanS -140.978979 1558
7lrY0 -30.548477 4333
wAp6N0n 97.873358 3533
aEk2q6d4MXXI 3.896355 2031
v4 96.280422 1219
null
FYxQhxcT9San 86.877214 2509
z7cAdYi3TL -59.311923 1237
Fb4I0F5v -212.980163 1244
true
OnTe -156.6045 3147
a69OHm7L 12.839413 3298
4vzt1c -9.353818 1250
FT4jq0N -110.330077 3680
4vzt1c -9.353818 1250
yzO 83.018053 5014
PASeQP 5.471749 1267
true
