-1
-1
-1
-1
-1
789
789
789
-1
95
95
-1
-1
773
-1
-1
-1
-1
-1
-1
-1
928
928
928
896
928
843
843
695
119
165
191
191
165
928
928
-1
579
-1
-1
-1
280
944
235
944
944
944
944
944
207
726
726
207
883
883
883
610
163
-1
-1
498
961
-1
754
754
-1
119
488
119
256
482
969
40
40
40
534
534
951
554
534
