-1
-1
-1
450
65
466
65
872
459
711
267
57
373
65
430
372
756
756
430
430
430
-1
-1
193
-1
-1
-1
-1
925
979
794
-1
71
71
71
815
815
360
-1
-1
-1
-1
-1
695
936
456
695
695
344
484
501
882
503
503
503
760
501
