895
895
271
271
271
271
271
895
205
205
205
-1
-1
-1
553
553
45
144
144
144
569
569
569
45
958
45
45
763
6
6
191
474
237
503
191
191
191
6
763
45
573
608
608
608
648
619
998
619
648
328
243
652
310
243
648
648
21
886
376
376
886
648
82
82
648
-1
206
64
792
792
279
18
18
18
18
675
675
8
