-1
970
970
797
797
363
260
662
932
797
970
119
119
726
608
608
608
730
183
-1
-1
-1
772
336
931
931
537
792
537
582
582
609
945
945
561
302
945
537
336
772
561
885
579
579
-1
-1
709
-1
7
7
-1
-1
978
-1
-1
837
837
837
596
451
267
267
267
3
706
706
706
706
463
790
790
463
557
463
267
451
451
451
451
836
283
827
434
183
962
835
835
835
825
825
415
415
172
172
835
835
465
465
24
519
519
24
249
249
249
810
27
27
27
146
146
607
607
256
27
325
150
66
66
66
817
281
20
20
817
31
160
18
18
424
817
79
782
79
296
959
391
391
424
554
554
424
182
980
980
206
980
135
135
135
876
526
436
436
436
526
910
910
135
135
996
692
692
828
869
692
353
692
692
340
692
692
323
891
969
747
777
54
95
900
900
866
866
532
134
346
908
