false
3fml1lmJwu15Q 58.723666 10002
null
xPPnb7fWs6m 47.024286 14585
true
4M90N -162.836026 74888
true
3coD3Lke6hnH3 -14.845367 10038
Hlsijj 60.082087 10079
Hlsijj 60.082087 10079
true
hPMtEjjJxaz -46.547947 10091
hPMtEjjJxaz -46.547947 10091
Tj3SZ 31.493006 16721
LMnFDPT25YG -30.311646 57328
true
null
true
true
true
false
wC7XBMr -6.424238 10125
IPmZyOgrbG -65.691684 10192
true
EGLVuIf -57.868882 13979
null
true
true
1MK5 0.622188 42557
true
true
xKIjZEWN3DM -65.644981 10273
hRmJK9a 103.875595 92597
true
wLnA89keSs -95.694387 10277
null
false
wLnA89keSs -95.694387 10277
true
null
wPQLT4pdXZr1 -66.599319 71317
kc5y -68.208824 55154
U8evPHSEOV8w -9.052088 10310
null
EFNgv3MqgwNy 73.271807 28331
true
true
true
true
LN6Vn9y -20.517739 52015
true
true
false
hl7 -117.970707 8961
true
false
true
KkV7C2tVC7eB 128.302279 10596
1E9su -63.222243 10639
bGJY -85.274181 42004
EQeoo2bci 109.052854 79464
J1cYc0ob -94.152314 10641
true
2qoasBtS2ZI -6.200764 10650
er 129.587323 43519
XnFlIUr -39.811874 100010
true
2qoasBtS2ZI -6.200764 10650
JIG7t -40.15735 52754
true
true
true
uvcp5U 42.594796 10745
true
Fb -0.350406 10773
Fb -0.350406 10773
K1qO59Vm -97.108757 96995
Fb -0.350406 10773
mn5g7Rj7mKPw -170.750617 78510
Ammi2s 78.266468 10795
psG8ituse97C -130.051713 35576
4oi7GqjU -122.934841 81943
Ammi2s 78.266468 10795
true
bb7itH -68.222786 10838
SLFtlAjF9 104.31776 10847
SLFtlAjF9 104.31776 10847
uoHAi1 46.797117 44215
3DaP1QPtZSj -87.909118 10867
FRSRz -20.333993 10879
rULRSjc2 -56.93628 11948
true
true
vvDLxzIEogoCN 111.575724 24780
true
true
QJvFfGCDXatPH -48.366886 8124
pB 63.782278 10959
true
hCr -51.163173 29468
yrHIziFfP 26.566579 24312
pB 63.782278 10959
LTzz0KeMJ4vT9 -214.156726 10964
VkBa -43.631603 58049
WPyIMq4MbQoMX 2.6681 66430
null
true
DQ -92.271178 44083
xfYRj1e4 157.622082 85539
G3 -55.69518 32954
N5tkRf -110.50926 11004
j4Y8gRM 77.986558 11006
tNAS8SIkT 148.186177 11008
YW524kx8n -120.134549 58196
44bin06U9PO -160.500832 52442
tNAS8SIkT 148.186177 11008
MCuVkmUv -89.656468 26603
true
LPAU 151.900196 11052
true
rar25zFSXyO 88.383351 37464
hs9F 10.60777 62948
true
iZjcT234lzLD -137.658675 11089
LxyhaIZ -5.624478 11161
Gd -46.661684 35208
null
K1WwBMS8Uxnt 124.235764 87083
true
4FeRowF -14.372265 49186
null
p3EKBZ4j 34.025405 11169
Trwfqts 87.059473 11189
true
true
true
null
YK 24.233395 16643
kBzPV -297.92924 100011
true
0qngi8bK7sZ -148.981793 40149
eLfEOkDu -271.381101 30600
AM -47.90134 60413
si1iCMfUEXoB -169.638452 11198
true
true
4z 65.428114 11265
4z 65.428114 11265
true
g313rWdeKC -256.954904 65683
true
O745SWjN1 43.851399 81954
FwvP3oegyaH 7.445214 11270
hQaMhhlVr -50.956622 62293
8EOg -67.439554 26921
73AVS -1.00006 11346
8L3yB 152.786034 11368
R2v7EwejFRc 48.832501 16707
qLdqXc -17.203374 11443
qLdqXc -17.203374 11443
true
true
kS 86.605347 11455
fjm 22.44262 11467
null
3xf -44.154751 81156
5SjT7oq 158.13717 74256
X9 -84.80848 38486
BbV2IuJe -0.146313 11514
true
7QC6S5aPRgql 138.900199 81145
true
h4S8OYUGRk -184.046998 90336
WwKO 101.33028 11587
null
true
null
Vg921oYywF 27.233442 14628
umgSzuR3nS 40.011558 11686
true
7EodHvc9Kb36 224.287182 18403
Mb7Qej6h04KZ -52.568212 11691
true
true
yTSfnlbYkesIw -58.293674 14438
true
true
7s8xzXRFUqN9G 155.841834 11729
true
7s8xzXRFUqN9G 155.841834 11729
7s8xzXRFUqN9G 155.841834 11729
Cadz6g7kd5 25.026651 80433
v3j787D 161.480075 55365
7s8xzXRFUqN9G 155.841834 11729
true
NxE6P4 53.327537 95761
Mu -39.648569 85761
dn5i21RSml -11.409745 11732
true
true
fTaUr85FjcAtT -167.101033 81729
true
true
LrjYsDYsm -94.49557 6785
null
LrjYsDYsm -94.49557 6785
true
bJtHviYQwu 222.944393 17618
73UoVhym 30.118652 33845
fEUZ 32.813585 7564
true
kpqtRH 62.108159 88966
true
7zp9sH7mKbvN8 194.411564 11885
true
true
true
FUBKk -25.713161 5030
null
LQHJ 12.490507 11892
XhTfT 88.334318 87132
nkPHnZGzzA9x -182.475371 11911
true
B0VwYkPG -184.494163 11915
true
8dV2UpHB -12.369364 11935
true
rULRSjc2 -56.93628 11948
8YuSeZisd 115.917689 11973
tRWSZ 18.220137 34109
2D9QZmAaiQrB 251.094002 45956
true
true
6I3U 18.481225 6473
6I3U 18.481225 6473
true
6I3U 18.481225 6473
true
true
true
03O 101.993214 11976
PoSiS3TR 183.045632 83828
CG -32.614182 12049
AndEXZnZ6ZFur 110.625942 69556
CEMdt 47.220364 23670
CG -32.614182 12049
vXhKMbYlMoe 40.127038 12098
vXhKMbYlMoe 40.127038 12098
vXhKMbYlMoe 40.127038 12098
pHr7nn0Jo8I2y -175.811138 12099
true
true
cwfV -10.262798 12108
0z 161.748662 12120
1jBPxYj8V 87.726786 45597
8R 81.107007 12129
8R 81.107007 12129
d5jWBBs1 178.524683 12136
true
true
vgqUuJ 102.196824 84390
D4b9SipiCCa -149.682468 8583
true
6s3Px3LXDo -35.815792 78150
true
fZnv2G 199.933034 42320
DP9O5DLn 59.574432 85593
H8GkL8 58.472099 12179
PGZIVxBeYHo1n -205.24159 41870
spBXMAdM -101.985144 80069
true
H8GkL8 58.472099 12179
5NP622V0 -85.757445 99749
H8GkL8 58.472099 12179
true
8Tc71pN -76.980672 5488
H8GkL8 58.472099 12179
true
loeZjmpvZv8K1 164.050608 45910
true
9NmYVT3 -74.765593 32296
H8GkL8 58.472099 12179
true
true
H8GkL8 58.472099 12179
QkkE 7.677931 14799
true
weq 37.093131 19360
maofRthaE9S 142.053741 50638
null
lJSSPCMmgXEy -20.802661 12213
lJSSPCMmgXEy -20.802661 12213
Z50KG5Wi2 -63.016936 12276
x4NdHy -52.629332 12312
true
53yvYuXE -138.468109 34104
x4NdHy -52.629332 12312
true
uKXCGakPQ0WH -92.095831 12323
true
true
null
true
IiQJr4FUHN 34.664052 22139
true
uKXCGakPQ0WH -92.095831 12323
NgauAFiKMV -91.338949 71172
true
YXsO9La 71.784177 33214
true
bz -126.810676 55845
true
3uX0uq8S7lhs4 -44.851095 12411
true
true
true
bs0 -147.941418 12480
true
bs0 -147.941418 12480
82nq0FKk39qZZ -11.307614 12481
XhTfT 88.334318 87132
true
true
QeNOXo 29.558112 12483
QeNOXo 29.558112 12483
true
T6adfVSIap2fP -7.432616 12499
Cab4iLGHsnlpH -3.782715 66008
LQSzVpWmK -125.7839 12522
LQSzVpWmK -125.7839 12522
OLgsdp -95.438082 12542
JN9pXz -63.992818 49546
true
OLgsdp -95.438082 12542
Gwje1 96.109457 12544
true
true
uuDH77 139.065678 56758
true
PVrp -70.427636 12564
gi0Q8 -113.603711 45351
Au -99.668507 12570
true
true
true
null
DoAI 146.341803 36600
C4kZ6O 33.692627 76884
rr3u -22.758934 41689
pjg5wFY7mC 41.956905 1660
pjg5wFY7mC 41.956905 1660
pjg5wFY7mC 41.956905 1660
mkUnI 13.195957 62506
true
AkCsHXR7b -68.349658 36609
pjg5wFY7mC 41.956905 1660
yv -47.612774 78650
true
wdP1pZHeOd 38.643047 12665
4UXYfw 71.033419 16616
true
true
true
oy 130.126437 57346
true
QEKMg9Pi -40.806756 12739
true
OBKQwjxIU 191.300101 12751
OBKQwjxIU 191.300101 12751
true
true
true
true
ng6nh -50.007895 33178
true
YoL -248.980745 12760
x32HmCfUWb -77.496004 12763
SJRjRqzWvTdB 61.356013 77780
true
i3AmcDjQhb2M -160.102077 12782
HzG 94.184047 17529
true
130r -50.09937 12793
BhAkD5 -45.601529 12795
LZjYA -139.152752 53476
7M7bDMyP0v -69.65758 12805
true
true
true
7M7bDMyP0v -69.65758 12805
true
YmFkZlc0c8QV -73.53139 12846
YmFkZlc0c8QV -73.53139 12846
B9PUWFWo6z 18.552269 82764
JdQOp94A 37.588679 12862
true
JQqbGDdYIY2lF -68.016753 47299
8wTmTp -151.697167 12871
vG68TNu -43.377639 81521
Nr 97.177043 42010
true
8wTmTp -151.697167 12871
7oq 11.341977 100131
qZujYJen5lxO 144.050066 64197
AR2NB0awjEw4 8.013967 12881
true
lHINOqGYyI -170.741493 90513
true
qV8Byipit7T 183.856526 12885
e0KQQg02Q -25.886641 12927
true
6s3Px3LXDo -35.815792 78150
true
true
true
true
GBxqkWq 52.981213 7212
GBxqkWq 52.981213 7212
e0KQQg02Q -25.886641 12927
e0KQQg02Q -25.886641 12927
true
true
VUfZ 73.284003 68865
2FUIPe 43.445439 2670
true
c3RZG337 -20.526471 12980
c3RZG337 -20.526471 12980
true
IGutIPMrXit7 52.002019 2256
Nh 163.701213 32193
wu4vrFpk -18.209328 13009
wu4vrFpk -18.209328 13009
CX4j1j -51.709897 34005
true
true
sC 46.944596 13051
OXqWdP0FBF3 -32.133775 61561
3TwauTb 237.393421 13061
aCvJuPxpJ5Fg 43.731586 13081
g9bpxhx81k 157.826306 22347
Na6M8f9dS -10.995586 48833
true
10MJEXiPd -116.604362 13104
null
10MJEXiPd -116.604362 13104
true
fOrI 89.215445 33878
QvWUdh78bAuE 51.042207 82109
9bKER3Y8TM 28.610711 48136
OGcL 128.266457 49768
true
tU3tLfSJJ 102.388846 26323
true
true
AGb8QZgnbKRm 33.45902 6692
ng6nh -50.007895 33178
yX4ff -139.864064 23587
WwKO 103.411843 100067
true
10MJEXiPd -116.604362 13104
true
true
true
GwmMrcyMQrtq -76.561236 13230
r0Dr6tup5z 98.228815 21896
null
true
null
null
true
GFhZgFiTm -5.139772 41931
true
OxRk5uuB5oszj 28.114107 1419
GAr2cVp697rX4 116.444428 13382
MkuENukAIu -92.237169 13396
null
MkuENukAIu -92.237169 13396
true
1PgvYkjuSfg 1.125993 22765
true
true
true
true
true
trOcZO9o -52.19493 26171
bLWPt7v9tZjzo 137.860554 28511
Nh 163.701213 32193
true
BFvfxks 17.47427 51013
QbQD8bmt7 19.381619 33404
e8eUtgN6ORnR 81.506741 11328
e8eUtgN6ORnR 81.506741 11328
null
MkuENukAIu -92.237169 13396
aD4Vij8I -3.515858 13405
WxMKP1pL77 -78.364867 52254
PK7Pj1QMo2rQ -52.029044 13413
true
QPBVO8pqFi8Y -150.949703 57463
RuaQho 103.329642 13419
cBmBl2Ox -115.48022 46062
3QRk8Fm3vBf -5.777542 13443
9IEYHheyHA1 -69.432863 33359
3QRk8Fm3vBf -5.777542 13443
jXh -80.08254 13444
jXh -80.08254 13444
p1J1 104.144789 13453
Fc2qhAgST3a 85.574862 13468
d6Ga -291.829174 13499
d6Ga -291.829174 13499
DzzJao 15.892329 33144
Mn3I 62.11323 13509
aWh -68.601679 13530
true
UectgY9 23.5239 49362
FvQP -110.55108 28447
aWh -68.601679 13530
Lrt5BP49 53.256515 13533
Lrt5BP49 53.256515 13533
kOE2m9nbKF9GM 136.123774 22431
true
ff -19.316718 22985
Lrt5BP49 53.256515 13533
Lrt5BP49 53.256515 13533
KxWpUGjV92B -11.109669 13546
gf -13.569454 13547
BHW0DGplOT0 -33.66845 13548
B6HI2 21.820444 41954
BHW0DGplOT0 -33.66845 13548
QdTqi7PrKO 33.968374 13552
4OaDO -90.577071 13641
pKtPnyN9v 88.894504 82051
true
2pZOfMbO 133.855714 65491
true
true
true
true
Ph -74.844535 1408
true
MoWFTTkCbh -97.506534 22411
true
null
true
tahAuZCs 3.575316 30510
iwySh -42.701146 69166
4OaDO -90.577071 13641
4OaDO -90.577071 13641
true
null
4OaDO -90.577071 13641
hc -69.518487 13676
1Ah9 -50.366376 23840
G -28.078874 53097
null
null
VluXjz3hZceCD 0.12197 100106
true
L5vlP -171.642397 38012
true
2NizNgTglH 23.00387 27813
aBp 159.418349 13731
PsIo0m 16.660704 86120
true
CBi -30.451619 44257
true
Nh 50.427538 5954
ez 239.088718 78531
TyFgaO4MV -28.260895 13747
null
true
true
true
true
QXwO 43.841762 45010
true
null
OMoLQATO2j -69.223757 84380
true
m92IIw 88.608388 7218
true
hGLkFAZo0Ice 102.709512 5551
true
true
Mrm 28.915658 7371
WaYQ 76.050432 79887
NBODOMlYGLY 64.081826 13777
vG68TNu -43.377639 81521
true
true
null
Dpb -86.784331 29194
true
true
null
Na6M8f9dS 181.774814 10799
Na6M8f9dS 181.774814 10799
true
VinYf -113.086571 5587
true
true
VWHmsxZGp 46.531747 26245
bBZDK -104.716994 4670
true
Gk 143.545044 30874
xxUwqw 35.076798 36936
bBZDK -104.716994 4670
SnrL 186.177164 53052
bBZDK -104.716994 4670
true
true
zKjCTj -130.622805 60823
osnIR2xRUPIc 154.143092 13916
true
4N7yp8fyQd2 150.081865 13924
QhNJlYjaW -34.691098 84096
4N7yp8fyQd2 150.081865 13924
true
5SjT7oq -84.291412 2408
true
VBSz2 11.168035 50872
true
VYPsE 171.104729 52711
7pO68a5DkzA1 130.52741 14017
RR5bCFn67r 102.80386 98021
true
yzFbQ9 -21.56222 14030
null
null
ZlHRF3YWvPuqa 113.421535 14034
kmWZ5I5IGBUy -184.326788 14053
true
true
NSW -132.492412 100086
LEfoC 21.062323 57457
kmWZ5I5IGBUy -184.326788 14053
RZm4G8bP 82.694979 14055
R6daDSG6zIUYW -0.758326 48654
RZm4G8bP 82.694979 14055
null
FA0cKTBu6Z0r -158.115324 14068
true
AspZjXrglc -57.668371 52531
ItV17FoTMus -20.600129 14078
true
ItV17FoTMus -20.600129 14078
Ro0fXdr 47.468453 92087
true
true
H2o2 52.470855 16048
YRW -13.842683 94719
h1K 25.793019 36864
5l69FupR -43.275266 23386
true
A8zXU 56.599644 9079
RUulcVd2ZAYi -168.903704 58355
zIMmX4rx -15.717398 92077
true
yyE2toN -32.205534 1493
gbljoyVua -153.218259 14189
true
qF7OdLISyG 31.342576 95599
true
3oM1gvJyC 73.909983 5700
OEE -114.812831 38040
gbljoyVua -153.218259 14189
true
true
SzVsy2RrFnL -36.249656 14442
true
6qZo35u7tL4tl -40.368625 10249
6qZo35u7tL4tl -40.368625 10249
6qZo35u7tL4tl -40.368625 10249
6qZo35u7tL4tl -40.368625 10249
6qZo35u7tL4tl -40.368625 10249
true
I7 -97.307043 30384
hRYu8jE 124.289528 45656
true
AkV 8.377562 20739
VeuJPcDPkbl 40.242437 44472
WUBXiAbkXjFJi -204.266622 14234
WUBXiAbkXjFJi -204.266622 14234
9 -98.571534 96382
true
8UbJlUvxw -50.301055 81617
true
FvDxKx82tN 67.036052 96358
a5I8d1ypZC8v 51.18901 14249
z23JeLzLA6VR 87.901256 83026
52AvO61p 192.3096 14254
8A6TiTo 54.100054 14258
true
A48azDezYZ 63.073387 100022
F4Z2awoapcG -82.019132 86154
true
PNVMM -132.672186 100147
3kwdGpWJKMaAd 90.057473 14310
3kwdGpWJKMaAd 90.057473 14310
Vun -160.204153 43161
3kwdGpWJKMaAd 90.057473 14310
Sd0 -92.774359 48487
b55 53.73455 14311
StGPdbLUn5 1.007639 14323
98KgybGUI4RjA 97.046233 50722
true
true
OxBKp9 -274.795262 1410
SqC5Jmlmsu 253.720344 38572
xlw5n -51.362707 71985
aM4Yp -82.43528 73663
8WpaDyEalVRHI -131.033854 59852
JxQ6r1dpxC -49.739883 42658
OxBKp9 -274.795262 1410
gE 42.868211 6666
aXoeuVS7cbpLB -102.906823 25531
true
bh26kfErGsqMo -137.917485 27078
R8HJ6r5 -113.869746 23807
true
IZ59ahLWE -224.561848 299
true
true
IZ59ahLWE -224.561848 299
true
mO3sUP52P68J 132.206388 88823
719Y -30.760957 29016
gE 42.868211 6666
true
gE 42.868211 6666
true
true
true
true
ZOE 177.775628 2393
xGNtQ6uXz52 125.167174 34688
bPYGN1 61.570326 70849
YCjpwwE 66.87499 98261
mu5 71.377073 14408
84xDJGTcyUx 48.791424 27707
s99AhQMSBM7n -37.859549 27903
true
Xko2HaUx 124.263497 28178
jPC9a -67.451402 14443
true
xDC -81.350083 75992
QAQKP7n4L 195.862359 4865
lh3ZBVVi -121.162113 93578
QAQKP7n4L 195.862359 4865
YYScLcM -72.606443 70010
true
null
lOU 106.652731 94641
true
G4OlcNLkB2 47.193703 14461
