false
OZ -133.008356 58713
true
lritXAal 63.233698 10002
dFu 167.930965 10166
true
true
true
j7LtRABkF -31.426405 10263
j7LtRABkF -31.426405 10263
1q -47.191271 10286
1q -47.191271 10286
h 2.62542 26458
1q -47.191271 10286
XXXP09DwD -50.441458 10306
true
18lfgjxmERzPn -101.177716 36462
EOQBDr6Gl 136.862012 10350
bg3 142.214164 15145
true
EOQBDr6Gl 136.862012 10350
JzuZu3G -121.585383 10369
true
true
true
c5S3LRT -79.447762 10395
uQmTdeO 23.962394 10410
Q 64.257646 26236
Fu5b 53.92018 19036
2SBbKYo4GtU1 145.57183 64152
true
omxJ -214.722917 99398
cJkQN -80.249378 39934
DTDwWDlmX 103.306809 27214
true
true
oplFLS2iCi -104.732603 81305
ZO -1.350004 10492
HBWQiWyV -151.886898 11172
ON1DzLSNo -11.471485 10505
g5kI -85.080939 34147
KXxM0 116.734287 17782
true
true
true
bC4boqAE 5.336935 10548
jibSgk 49.087792 84010
true
true
bcn4JqIB 49.920527 10619
true
null
true
null
qOtF -10.757451 31040
null
UyU68wzZ5 60.092414 10627
FU1NdVsooa -181.892565 39446
true
null
P0DDI4lEfz6J 33.104118 21622
BgcQYY2sO -104.571307 32262
2hLxumz 110.348095 30369
NJBBxZ -115.848642 39763
DDDUtb7SZC9 177.486761 88893
yXT6 115.085492 94135
true
q0Qy 20.150577 43978
WDrK5ds 71.370399 32522
vAj20oJ 26.860231 10646
OZpN7lGcXIAq 2.181008 83911
LfIONUPx -12.613062 73206
null
q7UVX1TX -72.371666 84778
true
rdGrckdD -59.369622 14500
hExxYBd -229.538858 44366
rY 120.964292 24993
4nEQIdW4 -96.137896 10647
true
true
M3DWeevB1kD 78.865763 7014
5NEkLwBTsv2Cx 89.855717 10656
PEhhzIGeX -138.637727 45234
true
true
5NEkLwBTsv2Cx 89.855717 10656
RYYWO -82.419492 10689
RkLuSNqUHt -112.261824 10691
RkLuSNqUHt -112.261824 10691
2e1DPzZW 43.004613 10705
pnrbKX -2.091836 91388
true
2e1DPzZW 43.004613 10705
34La7GVG8VZ 71.531759 24806
true
true
SCut 18.418117 10709
nxaFMmdGrR -11.081495 82073
bNaf5XEm 32.468576 10762
bNaf5XEm 32.468576 10762
true
8KyPEzL3q 61.388794 78325
true
l3GyCvUu7yHGS -30.828993 81225
gLK 78.988432 49541
true
true
true
v5 31.187603 1304
true
L6IoKeh4ShR -92.659352 88370
pjuyNNDM 58.309318 10780
7B1pl -3.12686 10805
true
1CIs6pek 54.774734 14281
naVh -20.345055 10836
naVh -20.345055 10836
vTWShJ 18.399079 10857
B6sh 58.25312 67586
FN5vEeOcVBhD -34.460282 10873
FN5vEeOcVBhD -34.460282 10873
FN5vEeOcVBhD -34.460282 10873
true
true
YhOITdLaK6KAw -135.605419 36025
0YI0u5 -152.592164 10912
true
true
wlMkrA 191.16636 10966
true
wLsnkdy7ROiZ6 3.433071 35255
Uyec5 49.692275 43318
true
pcReoSL1 -253.273791 5120
true
true
Tjl 50.298209 8284
true
RLjqSS3sL7bAl -45.917689 10992
true
4KHi -1.465327 39512
Rrgwi8sFY -98.422797 43928
null
N48yqaSdCb 3.22159 78996
TcOpOLAR0 137.905133 11044
lAQE01z1iHh 180.982854 11055
true
cIsDZRM -137.665691 50574
true
true
CzLetut0z2d -247.274299 5198
true
true
CzLetut0z2d -247.274299 5198
true
lAQE01z1iHh 180.982854 11055
lAQE01z1iHh 180.982854 11055
true
bHPDr64k7G3fa 39.933357 68074
8Tmb 82.131873 13091
kkICWiKqk2MDd 85.71703 11078
true
Rsv2PPlDuGpo -119.693898 11098
Rsv2PPlDuGpo -119.693898 11098
ofP -83.08267 51966
Rsv2PPlDuGpo -119.693898 11098
true
true
hulh1XP 113.808073 46104
true
l7Q36Wt 97.713644 11136
true
baE -112.786235 11152
2pj8dx00f 130.804475 11155
true
true
IK2XGuOmKmSJH -66.591621 11196
MFq 46.026234 90935
true
true
srJQn5jkNa -85.088644 11345
4VUJKLbiYdn 24.109064 11391
QgG7 -12.535301 24091
zAx80lffoDFs -152.306747 11426
true
tX57y 51.006896 11429
true
7XBxs2RiHwl5 -202.122072 66556
true
true
oF5mK -138.002715 11514
true
dRkZvrCq -36.270737 11525
true
true
3YL3q -36.589086 11547
true
Tzc7f4aP2m4 -64.509578 11549
8p5dRG2cdtM 219.069316 26432
true
Tzc7f4aP2m4 -64.509578 11549
true
false
true
a5TRU 9.724873 66139
VxnCfQaVPf2 99.31854 27987
4FPyIZOi4QT 69.137755 46826
veNIA -4.505267 11643
UYrTufez3 89.415879 11668
5Meb9 59.566715 89046
true
true
SVFXOBSiPdSB 218.674482 99998
4TWz3 71.218191 11675
gndQlWn 9.478323 79100
BepBCNaRPT -31.878082 82375
WDNhCQIN128v 55.737547 28218
true
true
SK7uhzk -33.441033 11723
K52nZ -133.246296 28560
sxGCX -11.203743 41203
sr8fn8 -18.491632 51808
qTbr5Q -18.101492 11869
lIxuwwTO 117.367844 83646
true
rk12clkStdC -47.007218 11896
rk12clkStdC -47.007218 11896
0XoJlctW -233.695419 11916
Me92rIff6Z 72.871267 22120
true
GYtf 90.386901 11969
GYtf 90.386901 11969
AC 84.842997 44560
true
true
GYtf 90.386901 11969
true
true
true
DpgZy1CZ -36.775921 11976
true
4fUQPkJcJX 160.808017 9780
true
uSHnhkoP 60.348283 66622
TsJI1HV -263.950755 49480
lZjCXPjm 90.181804 11993
1KECNXSwj1V 27.226216 38445
true
lZjCXPjm 90.181804 11993
bzssjzyiqSJQ 33.464001 12001
QxTY 124.984373 87177
xbOpPzYBHS -28.829671 88126
true
1QdT5V -115.0266 21823
5Sg 152.966392 96071
yEQ2Xm56asCCd -116.155591 12003
true
B9eM7 -13.035899 21392
fbYgCfg -106.852208 97837
true
true
yEQ2Xm56asCCd -116.155591 12003
true
yEQ2Xm56asCCd -116.155591 12003
true
xcs1L0 -78.094222 93349
null
null
myNQe1 -91.268017 87703
true
true
true
L1Uw 18.112607 53733
yEQ2Xm56asCCd -116.155591 12003
HjXPYGgik6xKz 168.950236 12021
true
true
dBVGJjpyV -58.782851 1508
HjXPYGgik6xKz 168.950236 12021
true
true
nt 15.817535 66294
true
Ze5gw3fbk9fnk -66.072057 67308
true
false
yBIq -162.438028 60208
mICQ3l -103.648942 12044
mICQ3l -103.648942 12044
b2J -43.084434 51067
true
false
VW 77.968455 12052
EjuFiy 110.48963 19084
7R9XcunL 56.712948 84108
VJK9 -170.082803 14467
ZToI 5.942476 12061
3ldLqoAt 18.842273 12076
LwI -63.523153 12107
Yvdb8uDY -15.88349 12109
true
S 67.963887 12146
true
true
cUcnN -45.306454 12147
4QrJPYuS -78.574691 71983
true
AZga6XB9 37.519922 80879
R7Zl6ckSuU -53.53982 52222
true
true
true
Riv 71.817047 12211
true
true
true
Y -39.640229 34335
gMa -26.320219 35082
true
true
true
b -2.530771 100052
7zOE1JZC4 -59.478142 42271
xkHCfmy -14.19759 72562
ZRfoK -122.350047 64771
null
true
null
nCd9VL 88.67203 99396
nA4o 26.551567 18827
K1lJkwYvJN7Zh 86.130548 66894
qbKlJ -95.045104 12400
null
qbKlJ -95.045104 12400
qbKlJ -95.045104 12400
tbiBN8 25.449842 12449
true
dwx 6.970239 60862
true
hD -163.602295 24041
fuYaZ 20.500217 12457
sF8Cur5O02dP -224.053379 12505
fLNCTGR3oiyYk -40.931164 23593
KNkFmk19LpMLW -22.002763 12606
KNkFmk19LpMLW -22.002763 12606
true
true
KNkFmk19LpMLW -22.002763 12606
KNkFmk19LpMLW -22.002763 12606
KNkFmk19LpMLW -22.002763 12606
true
qVUsfeV -132.30637 12661
qVUsfeV -132.30637 12661
W6 -46.11394 22594
AClD73 194.902847 12745
1Q 129.763783 12752
NjqFjmyWNo5Qz -43.154254 88041
nPvL1YBgCHuRY -124.457876 69733
true
true
km -40.905506 43457
null
yx6ts3YTJyF 173.279378 65117
true
true
df 77.61318 28119
AzC8zIdmjEWiF -149.248876 91405
ByEth 79.01218 48383
nPRC5a -43.314989 2604
b0V -5.276943 19854
GJjxg8o 32.319077 98148
true
true
cX4ynSME -46.807674 12804
5YCMQF -136.880773 12841
5YCMQF -136.880773 12841
O2fsdTweb 16.623994 33580
SzvDebht 0.901351 88564
uxLldfD 103.723199 12893
uxLldfD 103.723199 12893
true
KG -14.211303 12906
true
KG -14.211303 12906
Bo 83.680003 33646
Yq6I8 66.340468 55422
YIo9L2h 185.187551 13524
v5tAZp3ftuoqp -192.856234 12962
true
lTv8IDGGiyQT 80.818112 12995
true
true
true
2OBOYc -92.678883 96376
true
H1a9b 233.412606 2476
true
lTv8IDGGiyQT 80.818112 12995
null
lTv8IDGGiyQT 80.818112 12995
X9bemWqHd0 -151.89378 28576
8wndZNNvxr9X 158.102416 12996
8wndZNNvxr9X 158.102416 12996
AE 9.56653 14524
vzBnw1 93.401856 13002
true
gxbP 15.920298 58418
XE3IejG 217.445026 13011
072e2NCjq2 58.965513 13021
dqCOX36 202.301295 100009
true
F5Vb88aUXCd -169.275637 85318
VwL30bl 7.104882 4202
4n8U2 -38.94487 13063
LUY1Bs9pco8 197.318498 13072
true
LUY1Bs9pco8 197.318498 13072
xt68YR4Jh7MZ 197.678919 18560
true
Ealj -163.865794 13088
Ealj -163.865794 13088
Ealj -163.865794 13088
true
true
true
HeiJk -146.857927 13096
eXw -92.010702 13102
TQ1LM8 14.009038 38673
true
true
2cE 21.446495 41887
c1d4HNI -144.866934 13209
true
JEKbG90q -8.680695 9809
true
null
Ho9sqje -97.781648 934
true
zBDxC0 12.799029 13263
BX 3.216397 83768
true
true
true
F3 14.369857 58187
true
VHCjko 40.597112 100114
null
Y4pMY1vUHaw5p 212.697091 22496
gXl0L7q 87.037233 21278
true
true
bE2f -35.507922 25645
null
true
rUWw5etdoOev -19.085206 30723
lhXPy 49.169089 13327
lhXPy 49.169089 13327
3TeQc6Ukp 97.221627 55008
R2buAe -68.511602 13341
true
h8zFx49uH 173.999633 38333
true
null
true
null
true
FCxwGCg6 78.113264 57121
tikto 247.823964 13401
PcM9dZaCj -59.429393 13450
BwoXgBCZQYlS -10.318491 90915
B2fPCNCZ 103.253294 99399
QOhB -35.920123 23816
true
kqx2py 196.516464 4975
true
true
QD7 -133.18668 12187
u -99.054647 58024
2L13 -68.109786 36527
U9VjysTR 98.679698 50748
true
pZrr6iKNdUZ 110.398902 13550
aVzDV -35.547033 13568
true
iCC -79.151469 22607
true
S1PeswE -39.728985 46575
true
a -17.38095 83839
Cen1qwyB8Q7j -25.877419 13573
true
3Dm5Qn6tjmJCs -11.340769 31154
XAUr -56.333342 17613
sr8fn8 -18.491632 51808
Cen1qwyB8Q7j -25.877419 13573
true
true
true
gsB -41.430607 61827
9MVeHD -174.394553 89477
bMmrm 116.526764 13599
S7y 42.831049 13611
S7y 42.831049 13611
S7y 42.831049 13611
true
true
true
true
true
true
true
true
myFhn -24.602175 100027
true
Q2FsOy46p3 67.089125 8530
true
tPo6ofDnr1N -195.081526 84722
true
Nu06a 90.534853 275
NXrRtDL -50.08993 23938
true
true
true
true
true
true
8zevmlLL6ugrs 19.313803 13945
true
true
Af9p -9.480614 14004
TCozNuo5kn3H 82.1732 14111
true
1NQG4EWPmH 31.752956 14134
true
Pj6zCjdP -163.051917 14268
true
true
9q -71.614478 89048
Pj6zCjdP -163.051917 14268
Pj6zCjdP -163.051917 14268
Pj6zCjdP -163.051917 14268
true
Gr2n12bbfLE -41.022623 32919
P9 -98.340781 14278
51qt2 -28.152735 18519
Ur0EKjP0 40.933723 14280
1CIs6pek 54.774734 14281
true
m9hyodyk6XXBW 135.08692 14295
8BpkNglHeqADM 30.264947 28628
true
Ih4A -37.645913 50594
FTJbgWy -207.088843 3778
7 38.20834 59719
NqiT -63.962884 14296
true
IfpO -23.926266 64155
true
jU1 -60.002467 14333
jU1 -60.002467 14333
true
IDuw9PfHh -89.629268 14353
oMlD 43.866204 14369
hR 83.647185 14372
true
P3Bnv61Yjmk4v -14.030708 14396
null
ZgComA -130.632846 17712
P3Bnv61Yjmk4v -14.030708 14396
true
g0Asm -49.865568 70747
true
rY 60.738493 5419
true
DDUIwEVWi7jCF -14.068262 83538
rY 60.738493 5419
rY 60.738493 5419
P3Bnv61Yjmk4v -14.030708 14396
vQTJAO 92.214514 91878
Pl6cNntB74a5l -113.622191 47301
true
P3Bnv61Yjmk4v -14.030708 14396
DxX4 97.60115 14407
null
null
tYY8PxnhlwHLI 56.164061 14434
YiGPMIimPfB -33.507272 100063
rqJFRAEtG -150.545451 48905
VJK9 -170.082803 14467
Sb -28.941864 97184
VJK9 -170.082803 14467
pLBDBQPaBDmF 123.716457 46029
true
GUguMDJj -139.693179 85551
true
nG 28.732092 14517
yoJ1103GjZ -18.014504 94846
s 150.841854 14539
BzVWmrb 184.6491 15014
s 150.841854 14539
HfFIqwm -95.456586 92476
WsU1e8NP9rc 114.975313 42822
Pv -73.416388 33861
psIOfLjyA 103.521202 14652
fvWkRB -81.500904 14653
qm4 113.753693 14654
true
yqzL 27.291114 97076
eEPaJ -181.752625 14681
IR4FwjOOD1Mi 51.534815 14690
GLs6rj 204.281539 100006
EDwLLl9ntdgc 15.197766 52773
YgyS 76.144771 14747
null
73GbFQEHx 26.180991 14785
true
null
51qt2 -28.152735 18519
C 130.339162 14795
1qFM -61.140418 44912
true
PbrSkqx -191.544861 14807
0Lg2f -105.51956 37662
mt2 -96.151426 14810
fkzdCyTydiG -113.350058 14820
true
true
true
true
uO5D 6.14184 92213
zIGdAqQd -156.494554 86302
B4Q0LH8qxMndo 72.528126 56039
xn -86.270215 45874
fYGk30Ed 25.097538 64517
null
SSLLPoor -209.95428 60920
jgD 96.648124 14858
VOB 81.437596 14875
crsasCa2ey -104.805302 14913
M8rDpNgzbwVb 105.215208 92743
null
true
true
crsasCa2ey -104.805302 14913
true
null
true
5gSSQuvE -19.974224 14932
J4iIG5xw56Ec 120.189552 15004
63owivum -83.024513 15050
true
mO 33.019821 1363
true
uXmJPRfg8oQ4L -80.296807 85918
true
tbiBN8 -76.537638 100102
mO 33.019821 1363
mO 33.019821 1363
63owivum -83.024513 15050
YyE3PAzcz -91.902335 27058
null
63owivum -83.024513 15050
63owivum -83.024513 15050
LKX83C -23.244328 41794
8PuDWNS4tsU -40.970693 49233
true
eIuNysT9V -178.78541 89586
2pnk 94.343963 85943
true
vsbSKzEO16 -10.205956 15073
VWMssK0JFnCLh -7.898659 60647
null
RjDAZB4buhQ7 -28.626271 38098
true
true
true
O5KdDZB2WFVBx 185.390858 100025
true
decsEiypw 56.026871 28805
true
QusF7GRSp6LP -53.838242 15131
h4dh2zOTrbkEs 177.413682 29766
QusF7GRSp6LP -53.838242 15131
yXT6 42.69833 34222
BdVNH -174.654174 62431
Xw 59.152851 15158
yPRKqc 112.586848 15165
true
yPRKqc 112.586848 15165
true
DSLbY44sGBE -14.59651 7442
DSLbY44sGBE -14.59651 7442
LDdeUbT8 46.521373 15190
LDdeUbT8 46.521373 15190
LDdeUbT8 46.521373 15190
QdzngAz9h 107.894094 87153
vdCqzlLVPdj -9.762556 69822
true
true
true
y8ZUY2 24.133584 6531
JHkbgkFA -108.02962 13769
FWgaku71s -12.659648 15200
FWgaku71s -12.659648 15200
true
true
true
EIoSPXPRc7 12.145623 49334
olXazL4vqq 30.507718 5339
WBK 21.424488 34725
olXazL4vqq 30.507718 5339
ssAifut1cpH 123.304903 51042
jnv609T8RafW -33.29557 15250
gyNCbn6vtzMy6 -93.424875 34990
true
JX20sl8N 18.242818 80234
sv5tMNZdE -168.056303 15256
Rni 7.622225 15295
true
RNGohTjzawBGS 110.518483 37971
XEI -45.91771 71423
true
true
true
true
true
AzTHsxt4rQY -111.040317 7967
true
4Ah 68.025785 23081
true
Xp 15.373771 15302
WLV6Duzi -177.811108 46329
LOgJfOO 89.693623 15361
true
true
true
true
7DV -126.071111 15374
true
null
true
Y0MfbpCwrla -160.183288 72071
j4Iy1UjLUCkOT 90.720889 15434
rz0Z4 -52.956619 15483
9HmhiQfzEpyW 69.986751 94190
true
9JA8DlY 175.102476 1637
9JA8DlY 175.102476 1637
V -13.546505 94595
true
true
6d3pjYZhZSfH -14.949746 43100
82EJyJpmBW -201.523757 79764
true
true
true
fcajDdIyZ2Qh 42.832097 39642
sS2lDLLcx -41.968274 60716
fl85 -16.859096 15495
uf -25.262878 15497
null
uf -25.262878 15497
uf -25.262878 15497
true
true
f3pAcz 27.986746 1411
true
ZR0F6qvqOLI3U 89.732562 15501
b55Qu -117.28254 15589
C5 142.131857 52948
true
Ddccwl -146.837235 95325
18E29W8o3 118.869868 15613
true
null
yPlcdRmxhs 37.439653 12458
yPlcdRmxhs 37.439653 12458
Tr1L35LHZH -11.679483 15658
qGKxQOIIHPEOx -125.515031 15661
xbmClMqiIOj 82.804236 57683
cJvrxq0U 15.709968 15678
true
true
2GLjt 27.406038 68806
SN 103.92135 15682
SN 103.92135 15682
Gbw8 -209.299658 59988
SN 103.92135 15682
6cZJyn -75.381721 15693
true
buz01LI6ZGW9v -90.989444 15722
buz01LI6ZGW9v -90.989444 15722
6TGv 124.807412 62895
true
oQjJ80 -45.715343 15756
WP3dn6 312.373799 15759
RiNd -62.533386 94358
B3MOHtv0g0xm5 -63.42132 15792
B3MOHtv0g0xm5 -63.42132 15792
B3MOHtv0g0xm5 -63.42132 15792
null
true
IZQ 54.49842 71621
true
PUdSWw9mPIXEy 109.25826 512
bcC2l36bWc -110.229525 82752
true
true
true
sxGCX 136.679499 1383
X4t -60.339657 2895
true
true
FaexZx7 -50.157751 52150
tCBRaAieWR7 46.11082 10162
null
2 -74.892465 61778
true
null
1qoS -0.356373 15868
3rMGMUQ52f -75.450204 21108
true
9wZyu6ZUzaSW 29.219316 58077
true
true
true
true
true
wouiAxz -34.542498 25844
null
true
true
null
true
true
true
yEclFxOV10L 157.745541 90465
XHdZAN6r4j 156.520546 100247
7XBxs2RiHwl5 -164.889637 8301
true
true
true
6Ena -67.973562 15969
true
xV5Xt0MdP 8.862434 15985
bXDoup94lqlw 145.641836 58608
UI9x -101.659124 16033
zDS 107.341985 100184
fpbw 221.840036 100167
true
true
null
null
zfjNO9a 77.794858 16044
2eapk 27.748072 38151
oVuoJhUMo9Fj -10.213375 94822
true
wbs 81.626037 70317
zfjNO9a 77.794858 16044
zfjNO9a 77.794858 16044
F96U1KhXMD -87.090315 16063
nNan7Z7G6SFmm -245.229653 75148
jwyw -15.181095 16112
EjxkJ4uaEdDJ 65.950772 16155
EjxkJ4uaEdDJ 65.950772 16155
true
true
6mwvb 42.315543 4401
true
true
true
xK 92.710984 42906
6mwvb 42.315543 4401
Yes1L -14.957945 57694
ueROOq7KVR 120.264431 100000
true
true
6mwvb 42.315543 4401
hPyXo -36.892023 75731
diJ 21.750536 16202
true
diJ 21.750536 16202
true
KpU -19.735047 22165
true
8abpHoWVK -131.487485 88578
null
true
km2BYyGw2GVk 151.235183 1489
true
true
true
Wef81 44.91117 65840
F7GBL0KyKAAnr -27.905532 95055
true
ZdYDJ -116.635804 13205
mgVqdK -48.581011 88572
jr 40.684161 30683
rLvVyNo 130.322369 43663
true
cHt6tMwIZV5 103.227465 34214
3XAWs4BZU 138.710191 10126
gnJ 45.53942 100206
true
TxhO8h8pKY -78.680474 61378
mMv -51.102525 16240
o410V6sq1 -80.415745 16252
fXVerg8eLUQ -244.842253 18830
true
X8yxM04lZ2A 170.040981 48634
4guk95Sk9YC 66.16638 8707
VUo1wnS -33.950596 16314
FDN -64.466712 16335
FDN -64.466712 16335
null
JcwHb1MG49C 51.604002 100090
siDCs9kLbI -27.945701 60200
RIvhzvfLy -168.311769 89566
true
true
true
01l -57.642846 66147
TlmumQ 37.096266 16350
true
true
TIk7 -84.83766 16358
YgxXyTT 108.170875 23380
2SOThsU3 116.931527 86861
TIk7 -84.83766 16358
TIk7 -84.83766 16358
TIk7 -84.83766 16358
true
fG4tX6roZ -93.281544 16398
true
oeVIt8 147.298305 84805
dDt -177.626041 100018
P7uFjDYQoDyk -15.37998 16474
SmCQMFpN -7.781118 81218
RLjqSS3sL7bAl -217.121969 100036
YBCCyI1exUeC 85.311971 63700
CVeGlf5Nypm 133.394664 56595
true
A3T78kpjef 60.532928 16486
true
true
true
Wxwcu78zfp -128.556174 16495
Wxwcu78zfp -128.556174 16495
IAHcvY0r01E 109.253901 86376
true
true
ft57TG264XOt -74.563504 16499
true
qKHmrMDSfUhL 40.680425 24842
true
true
true
true
true
true
true
HPgS -152.56142 77413
jCYG0eP 39.925713 3784
true
jCYG0eP 39.925713 3784
0zIa3WzEdbA 134.445207 16529
true
HfFl 104.62675 10651
0zIa3WzEdbA 134.445207 16529
bZ -13.992321 16530
true
true
bZ -13.992321 16530
true
true
bflBz13cJT 44.38196 3227
Oh -32.628681 90756
true
true
DuHXQH9 -109.301624 19152
e8kbEHIkVVN -70.148749 16541
true
true
o5m -27.201701 9651
TiiXo56xsRw -22.458927 39323
zAd9 114.69659 16544
nSXRWUkcxt 47.558384 16554
nSXRWUkcxt 47.558384 16554
AdIoLJ5Xs2 -90.068546 31520
FmG -43.222518 16572
2L9ykv1 -38.494057 16593
true
true
nUK 78.815292 87295
true
lyx -103.360362 93589
ST 113.252619 3461
true
true
6bIR65c84 116.655582 4585
FGNYNKCEhy -3.462935 32628
null
null
e8HGzy -134.45383 86000
true
oLi5nfFfZvABM -60.120977 7024
t4Bl19 58.913461 84289
true
5CZCns 36.357096 67877
true
oLi5nfFfZvABM -60.120977 7024
aeUqcF 112.169154 16637
KDCrT6nVB0w 64.370675 51374
null
true
true
yuZ13VJ1N7L5f 59.702603 16677
KDCrT6nVB0w 64.370675 51374
yuZ13VJ1N7L5f 59.702603 16677
F29LR 138.748832 32668
hiAY 149.469418 16701
lblkSlSc7 -21.317865 87179
null
hiAY 149.469418 16701
ZPSsBMvlN6S8y 97.432941 20729
hiAY 149.469418 16701
hiAY 149.469418 16701
K3OB -78.317013 22830
true
true
CKYaDYQp2H4v 7.002525 67628
oc2X5qltU83hr -92.245706 100264
true
SUDHsb7JDLx 96.198878 16705
Ss3W2aa0 127.158071 16722
true
true
true
true
true
oH -11.674434 28310
cqhu9hey2N 55.549485 33877
Jr 91.411819 16816
xtSQwFJh5i -87.182682 16831
c2Ea9cjW 125.086729 55031
true
true
G8bCLN7spzbU -61.749392 16920
true
true
true
HjqCh7djPqKqI 22.976678 936
lJfTN7Zv2 20.700932 61228
G8bCLN7spzbU -61.749392 16920
null
true
v6gu 41.85647 83467
null
true
EoVDE9ir 8.851406 72284
true
646Tu6S -36.090621 55618
VWMssK0JFnCLh 81.212895 5006
6gSutMg 139.365856 17010
T9uCe3SHA 138.80873 96773
6gSutMg 139.365856 17010
true
true
bkMKAL8 85.735974 25211
true
true
eQMsNIga 48.980851 40078
true
rDDzRUFCW 103.427879 9350
true
BNCWjN -15.050693 100218
rDDzRUFCW 103.427879 9350
true
rDDzRUFCW 103.427879 9350
true
rDDzRUFCW 103.427879 9350
cX4ynSME -94.677334 100115
true
by3gapO1rAq 132.60838 16847
GceUSTn8sBP 189.120505 17202
GceUSTn8sBP 189.120505 17202
true
TOyBiOBYgYMpD -64.986569 59478
q8hBfW 27.192732 17274
q8hBfW 27.192732 17274
true
br8NnMga -178.557865 79055
true
hGh6ZV1RItP -26.112159 87468
wG -35.003812 100189
cT9Mtf41aHQSI -103.964302 6969
true
true
ygVwEB71f 83.291128 17355
rRGMxY7 -75.898293 17385
rRGMxY7 -75.898293 17385
HygdX 64.350261 32618
true
true
true
z2J -5.544283 34502
true
rNodhktBLQ 45.653308 94406
rRGMxY7 -75.898293 17385
true
true
true
true
XpxHue 56.890888 9589
Ast0tPNw -6.347499 12150
Ihfw -23.59989 24917
HBpTR -79.76175 57896
c 155.420946 18880
true
true
true
mfl 17.455349 17457
2zQDA3 -61.026384 85826
U 10.372427 17530
7ZrHb3 -87.954822 82086
x9 78.09316 95227
OVCqy6a 61.952351 85091
true
true
true
ejT -79.578694 13238
bCslmf -85.962242 53069
l1L -139.929815 25081
true
oC 59.25633 17533
true
OMNaDcLmoQ10W 31.344575 98548
NgIXWbRq3U8Y -137.200457 100108
oC 59.25633 17533
true
true
true
MntM 6.547044 100259
l5DUZrDXgmr9 -64.266474 17596
YEt -90.202271 17622
null
true
true
true
YVAdE4h -6.663594 40845
YEt -90.202271 17622
YEt -90.202271 17622
YEt -90.202271 17622
true
YEt -90.202271 17622
true
caw -91.570648 46448
zw -103.778384 60638
RxYWv -48.127578 17644
BrsYdV3Tlu 32.478316 37231
8MoSoB36 -6.165266 81027
true
RxYWv -48.127578 17644
true
true
RxYWv -48.127578 17644
true
true
true
true
null
CHA 24.950866 39897
true
true
false
OmiyouCrAjguA 96.57429 100172
true
3qkhdbyAb 14.012506 28679
true
WYwvPEIA -61.519364 54160
fzqIxll9jH 149.513175 17717
PTEH7dXNiGf -36.602718 17771
PTEH7dXNiGf -36.602718 17771
PTEH7dXNiGf -36.602718 17771
PTEH7dXNiGf -36.602718 17771
4KHi -160.610217 73878
true
1OvSioT4gh -3.245486 95463
true
PTEH7dXNiGf -36.602718 17771
jf 13.151577 47911
PTEH7dXNiGf -36.602718 17771
Lhl0P775 149.854729 17821
lVEgzTn -38.074641 97694
QL 47.775611 19899
2SOThsU3 116.931527 86861
true
TZdvOkCf0e3 79.4764 68385
Lhl0P775 149.854729 17821
true
Rf0F 35.978908 44430
true
JLFe2qzm -74.169314 17939
DDDUtb7SZC9 177.486761 88893
true
H4AKQn9f 35.794808 100107
JLFe2qzm -74.169314 17939
JLFe2qzm -74.169314 17939
JLFe2qzm -74.169314 17939
true
true
0sQRIsNatEFK -3.722359 34728
41 -200.619137 55390
KCHFkQ1HRc7lF -147.833456 3120
F6 -63.307617 74571
true
JzJ 102.615813 17949
bsKVQ26 -104.96803 17996
jn2sX 67.22899 28367
2wt -46.78259 77408
feRpi6TYa 241.949159 89551
true
S6vGn7 187.775998 2388
S6vGn7 187.775998 2388
S6vGn7 187.775998 2388
S6vGn7 187.775998 2388
RuaUpp2V 24.828421 80796
OVu -127.821458 97014
true
S6vGn7 187.775998 2388
bsKVQ26 -104.96803 17996
true
true
6253CeqU 71.560221 18107
FFxA -37.629643 20336
nyFSOskW -32.930388 77112
true
dpx5R3RiH9gu2 147.599562 18122
RsJRFoHR 71.727871 65270
jrg -92.173232 30455
true
true
TVpw9UViaS 62.727828 18143
true
true
true
It6iGOdIZwek 0.802941 45639
jSdBqYkfczp 4.095652 18227
true
G3Fe72bZ -6.578032 54281
true
smDrSqurTkT 49.333056 93298
fLNCTGR3oiyYk 28.967144 18259
fLNCTGR3oiyYk 28.967144 18259
true
vbu 82.964377 18275
true
FOVLBva -71.697975 86050
2KqiQqY00YV -76.215335 18279
gMa -26.320219 35082
true
eXw 144.759818 100128
true
2KqiQqY00YV -76.215335 18279
hUfETDQGkIp 101.66639 18280
w3hnQ20hf 30.8816 61235
PpyamdXJH 59.414338 35479
true
RCH -108.040006 7268
true
psdyYbAjuyy 54.531281 59625
true
Jex6p1l -133.248994 58943
true
7On6DtIM72 -23.039304 84444
true
mBbVBDne -80.022881 21803
E7dmMVk5H 141.508828 27780
null
R2buAe 31.967309 100140
true
true
YyY71uuX 40.149749 100004
true
CHA 24.950866 39897
RCH -108.040006 7268
UyU68wzZ5 -27.116294 8767
Sz 10.177371 9040
true
33oR31UzYv -121.772302 18290
QfnetBT 89.800433 45527
true
true
48uotxnOT6 248.316588 99340
true
true
MSa 141.45839 3161
MSa 141.45839 3161
vZPm7fT62U -29.70543 33129
a4MgTOV -16.396329 100059
true
MSa 141.45839 3161
null
true
true
p0upkCF -112.45461 90485
true
USWJKIOe529ZI -10.97337 819
true
6LWUFVNms4 -0.054124 100116
true
true
true
false
cvIUxLNUeST0 104.554698 8257
NQGXhZ -35.7576 26364
true
nMG03DuB4o 44.101135 5194
NsGswk1d 71.30083 17124
NsGswk1d 71.30083 17124
true
false
afCgEbacu -144.151056 9510
true
x72BzENK0k -85.984525 83703
NsGswk1d 71.30083 17124
0x0 37.586523 61619
rzfrXbGr -82.704239 65213
tNgkXElY 111.058511 48219
33oR31UzYv -121.772302 18290
tvko36 -149.796276 41830
true
8hEDvk299Z -134.816963 54878
null
33oR31UzYv -121.772302 18290
true
TTk -238.066411 59059
null
yOzV 87.33116 80153
f4R75xfItKUsR -78.059539 18319
6cG44kKr -21.966246 18326
true
cTRO5X 116.828662 89922
ocdIOlrmmFGi -164.180326 18328
true
2GfI283 113.36257 99508
ocdIOlrmmFGi -164.180326 18328
ocdIOlrmmFGi -164.180326 18328
null
SXkzT08FuGH 9.870564 28979
true
HsRQnBztZ 14.340268 18338
T4N 84.214426 83240
null
true
P5xpvA7gDEWZp -19.472946 30890
aszeze -53.07606 27035
feztdxq 151.267623 59274
6VIQKUz 57.783442 58945
true
nIWB7M 39.423574 71273
FUd0XzXWY3sYr 30.934089 18378
true
null
true
eROtt3gSzzC9Q 117.961663 46035
GXN 0.257394 18468
GXN 0.257394 18468
GXN 0.257394 18468
true
GXN 0.257394 18468
dparPXeCXLQ0 -155.188863 18469
zE9YZikyq 35.29607 18471
null
true
zE9YZikyq 35.29607 18471
o8wAU 156.069194 59537
null
zE9YZikyq 35.29607 18471
rkbwkzE 1.157168 48036
Qm 92.09233 18473
3RIr9 -16.248609 50718
F29LR 138.748832 32668
true
true
sm 66.166392 85456
2JssFLQ4fN 68.631398 28466
mm1sKHI0PgtX 150.419617 79049
zg8HYRB2lSMLj -173.205064 85745
true
HxurJD 123.83391 4000
HxurJD 123.83391 4000
hATvBze2f -98.435384 18496
KA5FLAacnOTE 101.56707 44838
sl2w 48.544327 18558
true
36P3OuCea -184.812959 87531
true
true
6s9GeBcAn -53.148983 1853
true
xt68YR4Jh7MZ -71.620849 16482
true
true
lFJq 68.270911 18573
true
1u51c -78.98294 18589
true
rqJFRAEtG 140.62317 6483
true
true
kNzUy8Juo 140.353308 95357
rqJFRAEtG 140.62317 6483
TtbAhO92e 26.445601 46460
true
RvRKCL99 -128.954704 18649
null
dk7BxjkNtU -51.894755 18667
OoS9D1o6niL -60.374508 100350
rRGMxY7 66.520383 100321
iLtk7bA -26.422886 53364
true
9DunCBoAbtT9 -45.718153 62769
true
true
gsvl6IFGL -57.650056 18743
true
true
true
RnpAds08 3.640837 91880
true
true
1H -87.395859 51984
mESQ8y9b -40.818742 76660
null
tO1iH -7.059226 36552
true
true
false
true
fjbNa9A6Kzgu 110.395986 18790
true
8GzAJ2Ik2cBQo 49.277773 18815
rUACibI7c -90.707819 18825
fXVerg8eLUQ -244.842253 18830
fXVerg8eLUQ -244.842253 18830
true
null
ZRJlx6ja5Buxu 31.962423 18844
ZRJlx6ja5Buxu 31.962423 18844
ZRJlx6ja5Buxu 31.962423 18844
wCEyZ 70.976596 50816
true
true
QDJBrY6 -124.483878 90184
true
ms0M0c7V 148.073014 53860
true
iBPv -43.498496 44631
yUpZt87F -161.718468 47883
SVrb -44.914801 11336
vrm -35.281403 66355
SgeGtqx 1.597458 77588
fZwX -209.971798 71882
PvQfb4uQAOHO 32.611003 100121
null
jhfh -51.804303 18861
true
26EhOren 56.575795 18899
26EhOren 56.575795 18899
YEihCKaELWGu -39.23309 18922
zcq -16.185586 18996
NJOw0dL6KatFX -12.970992 19022
9xNLWT9B 38.335124 19028
Kgh 99.688167 19031
true
AlD2Gr1nTEf -19.456658 19047
v9Bn8Dx7SA 169.008236 58268
true
true
true
aQQVD -135.445259 34356
true
iNm 3.143073 19055
39a -51.87459 96247
EjuFiy 110.48963 19084
null
Ny7PZHqF -16.44607 31720
true
LPcncRxz7R7 -34.575328 11599
true
7dIx 32.638116 19173
FH24HNsJs -279.640836 19180
FH24HNsJs -279.640836 19180
true
IBkXMosy4kCE -242.974501 47466
true
null
true
ECdghzOZFpk9K 70.404367 19197
true
gietH -9.349975 19162
true
true
true
ECdghzOZFpk9K 70.404367 19197
EaaNLYhnLi -10.559422 57418
true
u0bNW4RNe 205.968022 6675
true
true
FBgNYG 119.774404 73425
RLc4FPTqcQ 152.422974 6729
true
RLc4FPTqcQ 152.422974 6729
RLc4FPTqcQ 152.422974 6729
true
ECdghzOZFpk9K 70.404367 19197
true
OwzBtABAp2 -269.042418 37154
aV 142.423689 88099
true
false
true
sDjNrp -63.016742 100256
true
null
Zk -19.220015 19268
wpZIB 109.768991 97019
oDYK -117.963914 19281
6on -160.579846 35257
oDYK -117.963914 19281
gP9RY7ThPf -204.5208 32554
VtDHYSpP7W -2.585076 64137
6m 189.768467 96009
true
oDYK -117.963914 19281
IWkyc7x0URW0 -123.630851 19283
true
IWkyc7x0URW0 -123.630851 19283
null
FNPSgrcX -24.603297 19306
true
true
kwqhIlpt 89.27048 94862
MEcyo -176.915491 94741
SNx2r 24.287541 19343
ZOi2S2 109.669126 19360
true
ZOi2S2 109.669126 19360
null
tMVaWKFdT 153.861588 19381
true
true
sXiNT9z 160.185796 100349
j4LBlEyLHH 134.383771 8637
5ge8zhUXn4 327.670905 8847
true
BcB3nIi -4.709479 25187
true
true
jXFIc4O5cc 82.879018 1598
true
true
fq7PHKY4Dh0c -62.733904 79243
ftkhvh0u5 121.827166 55479
gRv08QBwU 210.557744 19433
true
3m7cCW 179.202622 69606
7FLQ -107.086655 19448
true
V6NCtrTN3S 88.722464 19466
rTn77s89q0 -166.48963 19472
true
rTn77s89q0 -166.48963 19472
null
rTn77s89q0 -166.48963 19472
qlf7Rnn -48.889059 52970
true
6OM9eK4PYZB -73.294875 19476
D 5.623568 19504
true
true
D 5.623568 19504
uVeGsmKs5 15.599434 19516
true
true
PoVMM 63.126582 40682
true
ZCQ -6.375919 6589
ZCQ -6.375919 6589
3e -119.554538 100445
ZCQ -6.375919 6589
ZCQ -6.375919 6589
dpx5R3RiH9gu2 53.92911 100365
mCFyJDMYeFxN4 -82.177295 48579
SCXBS -16.455731 13767
Py9xSBiUAz 9.630677 82763
true
dCkUz 158.288163 3193
dCkUz 158.288163 3193
true
null
SCXBS -16.455731 13767
SCXBS -16.455731 13767
0NPbb 5.516634 100216
judf4jj -86.684997 40394
M6yHlIBXj -251.75756 19543
LhDq1bg -115.484718 28076
null
true
true
null
true
rUWw5etdoOev -19.085206 30723
hExxYBd -13.471989 100381
enFo2BQHXj0VH -21.976199 43724
kTVd 48.045158 19614
true
true
9SOwqJt2pAA5 45.321838 24306
rw4kf -6.866203 54208
zGF8el2KJFb 42.156301 81561
7tYo -31.213533 25021
true
aMId9 131.032597 99155
b0nOfNN 26.618138 24883
n8LfVyts 48.882145 18224
true
RaKwKbW 208.48149 19625
NEsfN -194.45073 19640
PJh9iVP3jSpcn -199.763323 19653
true
BIsJe -65.553163 29429
Pf7Um0c4l 31.64056 15966
2pXJu -56.221735 51672
true
5Meb9 -73.973611 19664
true
i8k -74.660899 55291
OzZhNSuWM 158.389097 77605
ljUZcLlE 25.137126 3634
wG -35.003812 100189
5Meb9 -73.973611 19664
true
YeOVq0CpTwr7I -101.942673 24042
true
true
true
true
dmhTrIhV 76.220159 8966
6kIZuR6m 115.134072 19746
true
true
ru -83.989143 91555
null
null
true
ThO8Rrbkd9J 106.959191 19759
4BSrG8XxRJj 38.459944 66854
2HSLqj1eJC -0.700135 86813
2ulQI4TVgbZiT 81.912864 19771
true
rIPCmM1B9 39.590922 25170
yJ7uhwmtNfG64 -10.923368 90196
true
MjTd 178.856059 81690
NdAsOI 31.647884 37422
true
BepBCNaRPT -11.435704 4225
BepBCNaRPT -11.435704 4225
true
D5Mr 6.085001 77404
true
sgzapu7ynuFM -180.956031 41053
8BpkNglHeqADM 30.264947 28628
true
true
true
OMNaDcLmoQ10W 31.344575 98548
h3cwqF -120.759622 4433
true
null
B2vAC9U0Q7cDj 29.350509 75004
MSHZ8SiDqQ -56.664187 19789
41UzplSlmll -97.027251 90698
true
LqBXuTOkIsG0 102.068788 19820
LqBXuTOkIsG0 102.068788 19820
7ZE 26.527845 19822
b0V -5.276943 19854
true
WvQhlyS -28.337927 19939
true
WvQhlyS -28.337927 19939
true
0US3sTtBUguMB -237.471872 60319
null
true
YdJ -95.093628 2752
WvQhlyS -28.337927 19939
WvQhlyS -28.337927 19939
APkvKz48Ov9dJ 29.391945 89042
u6Nul71ahzD 93.872404 20017
true
true
zb4aD8tkLYF -80.399675 20053
zb4aD8tkLYF -80.399675 20053
JUKNK1isK -140.391713 88426
true
true
zb4aD8tkLYF -80.399675 20053
OKglP9zM9On 74.955531 20074
OKglP9zM9On 74.955531 20074
true
LVWpIOUuC -98.21413 20101
true
zhjIQKpxR -87.93206 23430
true
Nr2xLjcW 49.155637 92368
gjergtB2E 63.649349 37253
LVWpIOUuC -98.21413 20101
mEqTivEOBc -46.761269 39309
R56NMRlO 86.895189 70439
sV43d2TEo1ev 3.051965 76728
c8jtoc 68.024391 100149
H -137.576794 20105
true
true
fP -16.356385 20149
true
true
2l68qrcVo 14.566976 51648
true
true
lPpf8TDD5o 111.169233 23191
dwQWBAYNnGAf 58.228349 6279
true
P6aER -221.571356 79790
true
true
VeipH8iN 38.928945 20151
l -105.612333 20195
UIcesF -49.452236 20209
0RGlWyC0nZ2 11.425139 20254
0RGlWyC0nZ2 11.425139 20254
true
true
cA4TwL -227.173266 20308
null
Ysq0rE7 22.72508 20436
true
true
jec 283.626047 94082
PjZ7dnKMF9 63.181141 1193
PTf -114.577154 20441
PTf -114.577154 20441
true
yKRVYTZA 30.116964 7424
yKRVYTZA 30.116964 7424
null
true
true
true
uPQf6sxD 2.896913 71577
0DTvVVMmluh7 -23.269021 20510
iZVStx -170.945373 100356
1kN 52.150249 100523
e28 -34.570277 63530
true
ui4aRTUkfqaIQ -39.936368 21958
3icDlCrFIi -87.345987 20599
XKZ 105.817618 20603
v3Z8SsX 108.605086 89693
cou -154.638608 20660
cou -154.638608 20660
true
RQVgF0tJo 66.282987 20663
true
IN3bQUmGn -231.830306 20693
true
F2Zp -7.980733 49052
null
QIMGKQv45v9n 273.955785 20718
true
true
iRch8x2 -38.348151 20775
ekCMxhAKd 39.963067 20790
ekCMxhAKd 39.963067 20790
true
null
CBp8NF01hA -26.064474 20818
lJBMkPVwLS9 -35.708918 99170
true
inXaYcAVI -182.804922 37629
true
true
Ie1s0LxLRZS2 72.467406 20860
nEM2 -64.122194 20916
true
zaOKp93dRI 5.438785 20920
vV87wXBrmyZK 150.329137 20957
true
true
FsYx3UqoY 12.698031 2455
true
true
true
true
IQgYXF -10.093642 20967
true
true
true
tHlKUxUvJm -155.914717 81409
true
fmV6BXfd -35.619988 34511
true
n9sI4Um230e 133.409003 41575
rf0Yf -101.825266 21041
rMDBlxcDQG152 16.958647 51481
true
5R4H7r2G88 34.401308 21105
ZrzDFY9 -118.423659 21128
null
ZrzDFY9 -118.423659 21128
I -71.025432 21141
OW5D7RlvbQl 92.17907 21143
true
5LtUxEcDz -60.789462 21151
KfMcOEq -194.208305 21167
Ly75DdKC -108.59742 21207
Ly75DdKC -108.59742 21207
hvugJFfR -164.227738 21219
wH3cII48bolP -104.787609 21223
null
ByEth 79.01218 48383
L6zImDP7sjwx 45.761839 59881
Xf6MKGjyD 10.28461 21252
ae5s -86.830755 73070
true
true
JGG 165.716224 54334
HxKezZSbSL 151.708072 100512
f -121.052246 21277
null
Gcsh9y2M -216.170623 21289
3f -66.641881 43822
true
null
true
o5CMwI -62.273274 54664
z6 22.046199 588
zg8HYRB2lSMLj -173.205064 85745
true
true
cdKVs1W -123.250349 12988
true
lb9 34.287339 25208
YwfK -132.636968 75020
true
true
Msk4EVh -91.034495 21389
lUJOmMT3qDtJ -150.667816 99402
B9eM7 -13.035899 21392
B9eM7 -13.035899 21392
o9T72kPJaN 13.0025 100278
true
WrLeYh 111.987248 57030
73GbFQEHx 66.993725 100195
true
null
true
true
null
MLTu 45.543921 21428
qI5DJ0w 96.63594 64903
Gb8k3BK4jawC -5.693872 38787
P8 -55.826542 74263
true
MLTu 45.543921 21428
true
true
xR 34.357294 9011
MLTu 45.543921 21428
AIypo9 88.397494 21434
true
4aq 142.946148 27513
true
PETIf -92.144671 21471
fobl5mPa 174.003293 21491
true
TFBoKkCCz -81.446921 49969
true
true
