14105634628420883090298173130791685624470828121046241161542773410043551883981382778412032309812852362338939457797679505748428206066502849942820641990063350111157962466533004383921875486705862859362620963277900307181283636615468350418279969331966339404689819178781971952067780695662762948908268500131549633657918097766440747739197451554662118472481189005421857039785846110626840129420406112496138232826850212073887180958170736944463367483970764031
